 goahead

 Timestamp is 55cd3a9f (Thu Aug 13 17:47:27 2015)

 Preferred load address is 00400000

 Start         Length     Name                   Class
 0001:00000000 00002015H .text$di                CODE
 0001:00002020 00069cdcH .text$mn                CODE
 0001:0006bd00 00005656H .text$x                 CODE
 0001:00071360 00000234H .text$yd                CODE
 0002:00000000 000002e8H .idata$5                DATA
 0002:000002e8 00000004H .CRT$XCA                DATA
 0002:000002ec 000000d0H .CRT$XCU                DATA
 0002:000003bc 00000004H .CRT$XCZ                DATA
 0002:000003c0 00000004H .CRT$XIA                DATA
 0002:000003c4 00000010H .CRT$XIC                DATA
 0002:000003d4 00000004H .CRT$XIY                DATA
 0002:000003d8 00000004H .CRT$XIZ                DATA
 0002:000003dc 00000004H .CRT$XPA                DATA
 0002:000003e0 00000008H .CRT$XPX                DATA
 0002:000003e8 00000004H .CRT$XPXA               DATA
 0002:000003ec 00000004H .CRT$XPZ                DATA
 0002:000003f0 00000004H .CRT$XTA                DATA
 0002:000003f4 00000004H .CRT$XTZ                DATA
 0002:00000400 0000d888H .rdata                  DATA
 0002:0000dc88 0000007cH .rdata$debug            DATA
 0002:0000dd04 00001704H .rdata$r                DATA
 0002:0000f410 0000041cH .rdata$sxdata           DATA
 0002:0000f82c 00000004H .rtc$IAA                DATA
 0002:0000f830 00000004H .rtc$IZZ                DATA
 0002:0000f834 00000004H .rtc$TAA                DATA
 0002:0000f838 00000004H .rtc$TZZ                DATA
 0002:0000f840 00004b3cH .xdata$x                DATA
 0002:0001437c 00000000H .edata                  DATA
 0002:0001437c 00000078H .idata$2                DATA
 0002:000143f4 00000014H .idata$3                DATA
 0002:00014408 000002e8H .idata$4                DATA
 0002:000146f0 00000c24H .idata$6                DATA
 0003:00000000 000039f0H .data                   DATA
 0003:000039f0 00000840H .data$r                 DATA
 0003:00004240 00003e1cH .bss                    DATA
 0004:00000000 00000058H .rsrc$01                DATA
 0004:00000060 00000188H .rsrc$02                DATA

  Address         Publics by Value              Rva+Base       Lib:Object

 0000:00000000       ___guard_fids_count        00000000     <absolute>
 0000:00000000       ___guard_fids_table        00000000     <absolute>
 0000:00000000       ___guard_flags             00000000     <absolute>
 0000:00000000       __except_list              00000000     <absolute>
 0000:00000107       ___safe_se_handler_count   00000107     <absolute>
 0000:00000000       ___ImageBase               00400000     <linker-defined>
 0001:00002020       ?isValid@JsonObject@@QBE_NXZ 00403020 f i WebApi:WebApi.obj
 0001:00002030       ??0PE_Debug@@QAE@XZ        00403030 f i WebApi:WebApi.obj
 0001:00002090       ??1PE_Debug@@QAE@XZ        00403090 f i WebApi:WebApi.obj
 0001:000020f0       ?ClearReport@PE_Debug@@QAEXXZ 004030f0 f i WebApi:WebApi.obj
 0001:00002100       ?DumpDebugInfo@PE_Debug@@QAEXPBEPAUHINSTANCE__@@@Z 00403100 f i WebApi:WebApi.obj
 0001:000021d0       ?ClearDebugPtrs@PE_Debug@@IAEXXZ 004031d0 f i WebApi:WebApi.obj
 0001:00002210       ?ClearFileCache@PE_Debug@@IAEXXZ 00403210 f i WebApi:WebApi.obj
 0001:00002270       ?DumpLineNumber@PE_Debug@@IAEXK@Z 00403270 f i WebApi:WebApi.obj
 0001:000022e0       ?GetSymbolName@PE_Debug@@IAEPBDPAU_IMAGE_SYMBOL@@@Z 004032e0 f i WebApi:WebApi.obj
 0001:00002340       ?DumpSymbolInfo@PE_Debug@@IAEXK@Z 00403340 f i WebApi:WebApi.obj
 0001:00002520       ?SectionHeaderFromName@PE_Debug@@IAEPAU_IMAGE_SECTION_HEADER@@PBD@Z 00403520 f i WebApi:WebApi.obj
 0001:00002590       ?GetDebugHeader@PE_Debug@@IAEPAU_IMAGE_COFF_SYMBOLS_HEADER@@XZ 00403590 f i WebApi:WebApi.obj
 0001:00002660       ?FindDebugInfo@PE_Debug@@IAEXXZ 00403660 f i WebApi:WebApi.obj
 0001:00002710       ?MapFileInMemory@PE_Debug@@IAEXPBD@Z 00403710 f i WebApi:WebApi.obj
 0001:000027d0       ?DumpExceptionDescr@@YAXK@Z 004037d0 f   WebApi:WebApi.obj
 0001:00002810       ?StackDump@@YAXKK@Z        00403810 f   WebApi:WebApi.obj
 0001:00002950       ?DumpExceptCallsStack@@YAXKK@Z 00403950 f   WebApi:WebApi.obj
 0001:00002990       ?WapiCrashHandler@@YGJPAU_EXCEPTION_POINTERS@@@Z 00403990 f   WebApi:WebApi.obj
 0001:00002b60       _customHttpError           00403b60 f   WebApi:WebApi.obj
 0001:00002cc0       _initWeApiCrashHandler     00403cc0 f   WebApi:WebApi.obj
 0001:00002d00       _registerWebApiActions     00403d00 f   WebApi:WebApi.obj
 0001:00002d40       _lumiGrowSetControllerAddr 00403d40 f   WebApi:WebApi.obj
 0001:00003210       _apiAuthtokenAction        00404210 f   WebApi:WebApi.obj
 0001:000033b0       _apiAuthuserAction         004043b0 f   WebApi:WebApi.obj
 0001:00003760       _apiUserAction             00404760 f   WebApi:WebApi.obj
 0001:00003a20       _apiZoneAction             00404a20 f   WebApi:WebApi.obj
 0001:00003c70       _apiFixtureAction          00404c70 f   WebApi:WebApi.obj
 0001:00003ed0       _apiProgramAction          00404ed0 f   WebApi:WebApi.obj
 0001:00004100       _apiProgramStepAction      00405100 f   WebApi:WebApi.obj
 0001:00004340       _apiAlertAction            00405340 f   WebApi:WebApi.obj
 0001:00004740       _apiNetworkAction          00405740 f   WebApi:WebApi.obj
 0001:00004930       _apiRfConfigAction         00405930 f   WebApi:WebApi.obj
 0001:00004b20       _apiWebsterAction          00405b20 f   WebApi:WebApi.obj
 0001:00004d50       _apiControllerAction       00405d50 f   WebApi:WebApi.obj
 0001:00004f90       _apiFaultAlertAction       00405f90 f   WebApi:WebApi.obj
 0001:00005160       _apiFixtureResetFaultsAction 00406160 f   WebApi:WebApi.obj
 0001:00005330       _apiZoneFaultsAction       00406330 f   WebApi:WebApi.obj
 0001:000054f0       _apiMapAction              004064f0 f   WebApi:WebApi.obj
 0001:00005720       _apiSensorAction           00406720 f   WebApi:WebApi.obj
 0001:00005950       _apiSensorResetFaultsAction 00406950 f   WebApi:WebApi.obj
 0001:00005b10       ?strstr@@YAPADPADPBD@Z     00406b10 f i WebApi:WebApi.obj
 0001:00005b20       ??0JsonValueEnum@@IAE@PBU_NAMED_ENUM@@HPBD@Z 00406b20 f   WebApi:JsonEnum.obj
 0001:00005bb0       ??_GJsonValueEnum@@UAEPAXI@Z 00406bb0 f i WebApi:JsonEnum.obj
 0001:00005bb0       ??_EJsonValueEnum@@UAEPAXI@Z 00406bb0 f i * CIL library *:* CIL module *
 0001:00005be0       ??1JsonValueEnum@@UAE@XZ   00406be0 f   WebApi:JsonEnum.obj
 0001:00005bf0       ??8JsonValueEnum@@QBE_NABH@Z 00406bf0 f   WebApi:JsonEnum.obj
 0001:00005c10       ??8JsonValueEnum@@QBE_NABQBD@Z 00406c10 f   WebApi:JsonEnum.obj
 0001:00005c70       ??8JsonValueEnum@@QBE_NABV0@@Z 00406c70 f   WebApi:JsonEnum.obj
 0001:00005c90       ?get@JsonValueEnum@@UBE_NAAH@Z 00406c90 f   WebApi:JsonEnum.obj
 0001:00005cb0       ?get@JsonValueEnum@@UBE_NAAPBD@Z 00406cb0 f   WebApi:JsonEnum.obj
 0001:00005d70       ?importJson@JsonValueEnum@@UAE_NPBD@Z 00406d70 f   WebApi:JsonEnum.obj
 0001:00005ec0       ?__autoclassinit2@JsonValueString@@QAEXI@Z 00406ec0 f i WebApi:JsonEnum.obj
 0001:00005ed0       ?exportJson@JsonValueEnum@@UBE_NAAPADAAH@Z 00406ed0 f   WebApi:JsonEnum.obj
 0001:00005f40       ?set@JsonValueEnum@@UAE_NH@Z 00406f40 f   WebApi:JsonEnum.obj
 0001:00006030       ?set@JsonValueEnum@@UAE_NPBD@Z 00407030 f   WebApi:JsonEnum.obj
 0001:000060d0       ?lockLog@@YAXXZ            004070d0 f   WebApi:Log.obj
 0001:00006100       ?unlockLog@@YAXXZ          00407100 f   WebApi:Log.obj
 0001:00006110       ?logIt@@YAXPBDPAD@Z        00407110 f   WebApi:Log.obj
 0001:000061b0       ?logError@@YAXPBDZZ        004071b0 f   WebApi:Log.obj
 0001:000061d0       ?logWarning@@YAXPBDZZ      004071d0 f   WebApi:Log.obj
 0001:000061f0       ?logVerbose@@YAXPBDZZ      004071f0 f   WebApi:Log.obj
 0001:00006210       ?logInformation@@YAXPBDZZ  00407210 f   WebApi:Log.obj
 0001:000062a0       ?logInit@@YAXXZ            004072a0 f   WebApi:Log.obj
 0001:000063a0       ?isNull@JsonValue@@QBE_NXZ 004073a0 f i WebApi:JsonObject.obj
 0001:000063b0       ?setErrorString@JsonValueString@@QAEXXZ 004073b0 f i WebApi:JsonObject.obj
 0001:000063c0       ?skipWhiteSpace@@YAPBDPBD@Z 004073c0 f   WebApi:JsonObject.obj
 0001:000063e0       ?find@@YAPBDPBD0_N@Z       004073e0 f   WebApi:JsonObject.obj
 0001:00006480       ?skip@@YAPBDPBD0@Z         00407480 f   WebApi:JsonObject.obj
 0001:000064a0       ?spanBlock@@YAPBDPBD@Z     004074a0 f   WebApi:JsonObject.obj
 0001:00006500       ?pack@@YAXPAD@Z            00407500 f   WebApi:JsonObject.obj
 0001:00006560       ??0JsonObject@@IAE@W4JsonObjectType@@PBU_JSON_FIELD@@HPBD2@Z 00407560 f   WebApi:JsonObject.obj
 0001:00006790       ??_GJsonObject@@UAEPAXI@Z  00407790 f i WebApi:JsonObject.obj
 0001:00006790       ??_EJsonObject@@UAEPAXI@Z  00407790 f i * CIL library *:* CIL module *
 0001:000067c0       ??1JsonObject@@UAE@XZ      004077c0 f   WebApi:JsonObject.obj
 0001:00006890       ??4JsonObject@@UAEAAV0@ABV0@@Z 00407890 f   WebApi:JsonObject.obj
 0001:000068e0       ?get@JsonObject@@UBE_NAAPAV1@@Z 004078e0 f   WebApi:JsonObject.obj
 0001:00006900       ?importJson@JsonObject@@UAE_NPBD@Z 00407900 f   WebApi:JsonObject.obj
 0001:00006da0       ?exportJson@JsonObject@@UBE_NAAPADAAH@Z 00407da0 f   WebApi:JsonObject.obj
 0001:000071a0       ?set@JsonObject@@UAE_NPBV1@@Z 004081a0 f   WebApi:JsonObject.obj
 0001:000071f0       ?setError@JsonObject@@QAEXW4ObjectError@JsonValueObjectError@@W4ObjectErrorCause@JsonValueObjectCause@@FPBD@Z 004081f0 f   WebApi:JsonObject.obj
 0001:00007260       ?setError@JsonObject@@QAEXPBV1@@Z 00408260 f   WebApi:JsonObject.obj
 0001:00007280       ?setError@JsonObject@@QAEXABV1@@Z 00408280 f   WebApi:JsonObject.obj
 0001:00007360       ?splitParts@JsonObject@@IBEPAU_JSON_PART@@PBD@Z 00408360 f   WebApi:JsonObject.obj
 0001:00007650       ?get@JsonObject@@UBE_NW4JsonField@@AA_N@Z 00408650 f   WebApi:JsonObject.obj
 0001:00007690       ?get@JsonObject@@UBE_NW4JsonField@@AAH@Z 00408690 f   WebApi:JsonObject.obj
 0001:000076d0       ?get@JsonObject@@UBE_NW4JsonField@@AAPBD@Z 004086d0 f   WebApi:JsonObject.obj
 0001:00007710       ?get@JsonObject@@UBE_NW4JsonField@@AAPAV1@@Z 00408710 f   WebApi:JsonObject.obj
 0001:00007750       ?set@JsonObject@@UAE_NW4JsonField@@_N@Z 00408750 f   WebApi:JsonObject.obj
 0001:00007790       ?set@JsonObject@@UAE_NW4JsonField@@H@Z 00408790 f   WebApi:JsonObject.obj
 0001:000077d0       ?set@JsonObject@@UAE_NW4JsonField@@QBD@Z 004087d0 f   WebApi:JsonObject.obj
 0001:00007810       ?set@JsonObject@@UAE_NW4JsonField@@PBV1@@Z 00408810 f   WebApi:JsonObject.obj
 0001:00007850       ?findField@JsonObject@@IBEPBU_JSON_FIELD@@W4JsonField@@@Z 00408850 f   WebApi:JsonObject.obj
 0001:000078c0       ?findField@JsonObject@@IBEPBU_JSON_FIELD@@PBD@Z 004088c0 f   WebApi:JsonObject.obj
 0001:00007970       ?getHttpResult@JsonObject@@QBEHXZ 00408970 f   WebApi:JsonObject.obj
 0001:000079e0       ?getError@JsonObject@@QBEXAAW4ObjectError@JsonValueObjectError@@AAW4ObjectErrorCause@JsonValueObjectCause@@AAFAAPBD@Z 004089e0 f   WebApi:JsonObject.obj
 0001:00007a30       ?getError@JsonObject@@QBE?AW4ObjectError@JsonValueObjectError@@XZ 00408a30 f   WebApi:JsonObject.obj
 0001:00007a60       ?getErrorCause@JsonObject@@QBE?AW4ObjectErrorCause@JsonValueObjectCause@@XZ 00408a60 f   WebApi:JsonObject.obj
 0001:00007a90       ?getErrorField@JsonObject@@QBEFXZ 00408a90 f   WebApi:JsonObject.obj
 0001:00007ad0       ?getErrorValue@JsonObject@@QBEPBDXZ 00408ad0 f   WebApi:JsonObject.obj
 0001:00007b10       ?next@Record@@QAEPAV1@XZ   00408b10 f i WebApi:Alert.obj
 0001:00007b20       ?removeNext@Record@@QAEPAV1@XZ 00408b20 f i WebApi:Alert.obj
 0001:00007b50       ??0Alert@@IAE@PBD@Z        00408b50 f   WebApi:Alert.obj
 0001:00007fa0       ??_GAlert@@UAEPAXI@Z       00408fa0 f i WebApi:Alert.obj
 0001:00007fa0       ??_EAlert@@UAEPAXI@Z       00408fa0 f i * CIL library *:* CIL module *
 0001:00007fd0       ??1Alert@@UAE@XZ           00408fd0 f   WebApi:Alert.obj
 0001:00008150       ?create@Alert@@UBEPAVJsonValue@@XZ 00409150 f   WebApi:Alert.obj
 0001:000081c0       ?Copy@Alert@@IAEXPAVAlertRecord@@@Z 004091c0 f   WebApi:Alert.obj
 0001:000082f0       ?queryFromHtml@Alert@@SAPAV1@VAuthority@@PBD@Z 004092f0 f   WebApi:Alert.obj
 0001:00008400       ?updateFromHtml@Alert@@SAPAV1@VAuthority@@PBD@Z 00409400 f   WebApi:Alert.obj
 0001:00008510       ?fromHtml@Alert@@IAEXVAuthority@@PBD_N@Z 00409510 f   WebApi:Alert.obj
 0001:000094e0       ?queryFaults@Alert@@SAPAV1@VAuthority@@PBD1@Z 0040a4e0 f   WebApi:Alert.obj
 0001:000095f0       ?filterByFixtureList@Alert@@KA_NPAVAlertRecord@@PAVJsonObject@@@Z 0040a5f0 f   WebApi:Alert.obj
 0001:000096b0       ?getFaults@Alert@@IAEXVAuthority@@PBD1@Z 0040a6b0 f   WebApi:Alert.obj
 0001:00009990       ?findAlert@@YA_NVAuthority@@PBDAAPAVJsonObject@@@Z 0040a990 f   WebApi:Alert.obj
 0001:000099e0       ?updateAlert@@YA_NVAuthority@@PBDAAPAVJsonObject@@@Z 0040a9e0 f   WebApi:Alert.obj
 0001:00009a30       ?insertAlert@@YA_NHHPBD0@Z 0040aa30 f   WebApi:Alert.obj
 0001:00009ac0       ?findFaultAlert@@YA_NVAuthority@@PBD1AAPAVJsonObject@@@Z 0040aac0 f   WebApi:Alert.obj
 0001:00009b10       ?getUserId@Authority@@QBEHXZ 0040ab10 f i WebApi:Alert.obj
 0001:00009b50       ?isRunning@Performance@@QAE_NXZ 0040ab50 f i WebApi:Controller.obj
 0001:00009b60       ?lock@Controller@@CAXXZ    0040ab60 f   WebApi:Controller.obj
 0001:00009b90       ?unlock@Controller@@CAXXZ  0040ab90 f   WebApi:Controller.obj
 0001:00009ba0       ??0Controller@@IAE@XZ      0040aba0 f   WebApi:Controller.obj
 0001:00009bd0       ??_EController@@UAEPAXI@Z  0040abd0 f i * CIL library *:* CIL module *
 0001:00009bd0       ??_GController@@UAEPAXI@Z  0040abd0 f i WebApi:Controller.obj
 0001:00009c10       ??1Controller@@UAE@XZ      0040ac10 f   WebApi:Controller.obj
 0001:00009c40       ?free@Controller@@KAXXZ    0040ac40 f   WebApi:Controller.obj
 0001:00009c60       ?connect@Controller@@SA_NPBD@Z 0040ac60 f   WebApi:Controller.obj
 0001:00009d20       ?release@Controller@@KAXXZ 0040ad20 f   WebApi:Controller.obj
 0001:00009d40       ?tryConnect@Controller@@KAXPBD@Z 0040ad40 f   WebApi:Controller.obj
 0001:00009f30       ?setStatus@Controller@@KAX_N0@Z 0040af30 f   WebApi:Controller.obj
 0001:00009fd0       ?haveController@Controller@@SA_NXZ 0040afd0 f   WebApi:Controller.obj
 0001:00009ff0       ?getKey@Controller@@KA_NXZ 0040aff0 f   WebApi:Controller.obj
 0001:0000a090       ?sendAttach@Controller@@IAE_NXZ 0040b090 f   WebApi:Controller.obj
 0001:0000a190       ?doRequest@Controller@@KA_NPBDAAPAD@Z 0040b190 f   WebApi:Controller.obj
 0001:0000a2f0       ?buildRequest@Controller@@SAPBDPBD0PAVJsonRequestFields@@PAVJsonRequestParams@@@Z 0040b2f0 f   WebApi:Controller.obj
 0001:0000a330       ?buildRequest@Controller@@KAPBDW4RequestType@JsonValueRequestType@@PBD1PAVJsonRequestFields@@PAVJsonRequestParams@@@Z 0040b330 f   WebApi:Controller.obj
 0001:0000a3d0       ?query@Controller@@SA_NAAPAVJsonObject@@PBD1PAVJsonRequestFields@@@Z 0040b3d0 f   WebApi:Controller.obj
 0001:0000a520       ?sendDelete@Controller@@SA_NAAPAVJsonObject@@PBD1@Z 0040b520 f   WebApi:Controller.obj
 0001:0000a680       ?update@Controller@@SA_NAAPAVJsonObject@@PBD1PAVJsonRequestParams@@PAVJsonRequestFields@@@Z 0040b680 f   WebApi:Controller.obj
 0001:0000a8b0       ?setTime@Controller@@SA_NXZ 0040b8b0 f   WebApi:Controller.obj
 0001:0000aac0       ?initialize@Controller@@KA_NXZ 0040bac0 f   WebApi:Controller.obj
 0001:0000ad00       ?dump@@YAXPAEI@Z           0040bd00 f   WebApi:Controller.obj
 0001:0000adb0       ?dumpElapsed@Controller@@KAPBDXZ 0040bdb0 f   WebApi:Controller.obj
 0001:0000ae90       ?dump@Controller@@IAEX_NPADI@Z 0040be90 f   WebApi:Controller.obj
 0001:0000af00       ?reconnectThread@Controller@@KGKPAX@Z 0040bf00 f   WebApi:Controller.obj
 0001:0000afb0       ?reset@Controller@@SAXPBD@Z 0040bfb0 f   WebApi:Controller.obj
 0001:0000afe0       ?internalReset@Controller@@KAX_N@Z 0040bfe0 f   WebApi:Controller.obj
 0001:0000b2b0       ?resetDatabase@Controller@@KAXXZ 0040c2b0 f   WebApi:Controller.obj
 0001:0000b480       ?clockSkewThread@Controller@@KGKPAX@Z 0040c480 f   WebApi:Controller.obj
 0001:0000b660       ?controllerSetAddr@@YAXPBD@Z 0040c660 f   WebApi:Controller.obj
 0001:0000b6b0       ?useController@@YA_NXZ     0040c6b0 f   WebApi:Controller.obj
 0001:0000b6d0       ??0DatabaseManager@@IAE@XZ 0040c6d0 f   WebApi:DatabaseManager.obj
 0001:0000b710       ??1DatabaseManager@@QAE@XZ 0040c710 f   WebApi:DatabaseManager.obj
 0001:0000b770       ?startSync@DatabaseManager@@SA_NXZ 0040c770 f   WebApi:DatabaseManager.obj
 0001:0000b7b0       ?reinitDatabase@DatabaseManager@@SA_NXZ 0040c7b0 f   WebApi:DatabaseManager.obj
 0001:0000b810       ?syncThread@DatabaseManager@@KGKPAX@Z 0040c810 f   WebApi:DatabaseManager.obj
 0001:0000b830       ?doSync@DatabaseManager@@IAEKXZ 0040c830 f   WebApi:DatabaseManager.obj
 0001:0000bb20       ??0Authority@@QAE@HW4AuthLevel@0@@Z 0040cb20 f   WebApi:Authority.obj
 0001:0000bb40       ??1Authority@@QAE@XZ       0040cb40 f   WebApi:Authority.obj
 0001:0000bb50       ?reset@Authority@@QAEXXZ   0040cb50 f   WebApi:Authority.obj
 0001:0000bb60       ?set@Authority@@QAEXHH@Z   0040cb60 f   WebApi:Authority.obj
 0001:0000bb90       ??0Restriction@@QAE@W4AuthLevel@Authority@@W4RestrictOperation@0@W4RestrictAllow@0@@Z 0040cb90 f   WebApi:Authority.obj
 0001:0000bbb0       ??1Restriction@@QAE@XZ     0040cbb0 f   WebApi:Authority.obj
 0001:0000bbc0       ?isAllowed@Restriction@@SA_NPBV1@HVAuthority@@W4RestrictOperation@1@H@Z 0040cbc0 f   WebApi:Authority.obj
 0001:0000bc30       ?internalIsAllowed@Restriction@@IBE_NVAuthority@@W4RestrictOperation@1@H@Z 0040cc30 f   WebApi:Authority.obj
 0001:0000bc90       ?getAuthLevel@Authority@@QBE?AW4AuthLevel@1@XZ 0040cc90 f i WebApi:Authority.obj
 0001:0000bce0       ??0AuthToken@@QAE@PBD@Z    0040cce0 f   WebApi:AuthToken.obj
 0001:0000be10       ??_EAuthToken@@UAEPAXI@Z   0040ce10 f i * CIL library *:* CIL module *
 0001:0000be10       ??_GAuthToken@@UAEPAXI@Z   0040ce10 f i WebApi:AuthToken.obj
 0001:0000beb0       ??1AuthToken@@UAE@XZ       0040ceb0 f   WebApi:AuthToken.obj
 0001:0000bf40       ?create@AuthToken@@UBEPAVJsonValue@@XZ 0040cf40 f   WebApi:AuthToken.obj
 0001:0000bfb0       ?createAuthToken@AuthToken@@IAEXXZ 0040cfb0 f   WebApi:AuthToken.obj
 0001:0000c040       ?getToken@AuthToken@@SAPAV1@XZ 0040d040 f   WebApi:AuthToken.obj
 0001:0000c0b0       ?token@AuthToken@@QAEPBDXZ 0040d0b0 f   WebApi:AuthToken.obj
 0001:0000c130       ?isContentValid@AuthToken@@SA_NPBD@Z 0040d130 f   WebApi:AuthToken.obj
 0001:0000c200       ?createAuthToken@@YA_NAAPAVAuthToken@@@Z 0040d200 f   WebApi:AuthToken.obj
 0001:0000c2a0       ??0Error@@QAE@PBD@Z        0040d2a0 f   WebApi:Error.obj
 0001:0000c2d0       ??_GError@@UAEPAXI@Z       0040d2d0 f i WebApi:Error.obj
 0001:0000c2d0       ??_EError@@UAEPAXI@Z       0040d2d0 f i * CIL library *:* CIL module *
 0001:0000c300       ??1Error@@UAE@XZ           0040d300 f   WebApi:Error.obj
 0001:0000c310       ?create@Error@@UBEPAVJsonValue@@XZ 0040d310 f   WebApi:Error.obj
 0001:0000c3a0       ?create@Error@@SAPAV1@W4ObjectError@JsonValueObjectError@@W4ObjectErrorCause@JsonValueObjectCause@@FPBD@Z 0040d3a0 f   WebApi:Error.obj
 0001:0000c480       ?createError@@YA_NAAPAVJsonObject@@W4ObjectError@JsonValueObjectError@@W4ObjectErrorCause@JsonValueObjectCause@@FPBD@Z 0040d480 f   WebApi:Error.obj
 0001:0000c4c0       ?construct@@YAXAAHPBD1@Z   0040d4c0 f   WebApi:JsonValue.obj
 0001:0000c4e0       ?destruct@@YAXHPBD0@Z      0040d4e0 f   WebApi:JsonValue.obj
 0001:0000c4f0       ?enter@@YAXPBD0@Z          0040d4f0 f   WebApi:JsonValue.obj
 0001:0000c500       ?leave@@YAXPBD0@Z          0040d500 f   WebApi:JsonValue.obj
 0001:0000c510       ??0JsonValue@@IAE@W4JsonObjectType@@PBD1@Z 0040d510 f   WebApi:JsonValue.obj
 0001:0000c570       ??_EJsonValue@@UAEPAXI@Z   0040d570 f i * CIL library *:* CIL module *
 0001:0000c570       ??_GJsonValue@@UAEPAXI@Z   0040d570 f i WebApi:JsonValue.obj
 0001:0000c5a0       ??1JsonValue@@UAE@XZ       0040d5a0 f   WebApi:JsonValue.obj
 0001:0000c640       ?deleteFromEnd@JsonValue@@IAEXXZ 0040d640 f   WebApi:JsonValue.obj
 0001:0000c6b0       ??4JsonValue@@UAEAAV0@ABV0@@Z 0040d6b0 f   WebApi:JsonValue.obj
 0001:0000c6e0       ?getType@JsonValue@@QBE?AW4JsonObjectType@@XZ 0040d6e0 f   WebApi:JsonValue.obj
 0001:0000c6f0       ?get@JsonValue@@UBE_NAA_N@Z 0040d6f0 f   WebApi:JsonValue.obj
 0001:0000c700       ?get@JsonValue@@UBE_NAAH@Z 0040d700 f   WebApi:JsonValue.obj
 0001:0000c710       ?get@JsonValue@@UBE_NAAPBD@Z 0040d710 f   WebApi:JsonValue.obj
 0001:0000c720       ?get@JsonValue@@UAE_NAAPAVJsonObject@@@Z 0040d720 f   WebApi:JsonValue.obj
 0001:0000c730       ?set@JsonValue@@UAE_N_N@Z  0040d730 f   WebApi:JsonValue.obj
 0001:0000c740       ?set@JsonValue@@UAE_NH@Z   0040d740 f   WebApi:JsonValue.obj
 0001:0000c750       ?set@JsonValue@@UAE_NPBD@Z 0040d750 f   WebApi:JsonValue.obj
 0001:0000c760       ?set@JsonValue@@UAE_NPBVJsonObject@@@Z 0040d760 f   WebApi:JsonValue.obj
 0001:0000c770       ?isJsonNull@JsonValue@@KA_NPBD@Z 0040d770 f   WebApi:JsonValue.obj
 0001:0000c7b0       ?setNull@JsonValue@@QAEX_N@Z 0040d7b0 f   WebApi:JsonValue.obj
 0001:0000c7c0       ?doExport@JsonValue@@KAHAAPADPBDZZ 0040d7c0 f   WebApi:JsonValue.obj
 0001:0000c810       ?link@JsonValue@@UAEPAV1@PAV1@@Z 0040d810 f   WebApi:JsonValue.obj
 0001:0000c840       ?getJson@JsonValue@@QBEPBDXZ 0040d840 f   WebApi:JsonValue.obj
 0001:0000c8e0       ?getError@JsonValue@@IAEXAAH0AAPBD@Z 0040d8e0 f   WebApi:JsonValue.obj
 0001:0000c900       ?setError@JsonValue@@IAEXHHPBD@Z 0040d900 f   WebApi:JsonValue.obj
 0001:0000c980       ??1UserWrapper@@UAE@XZ     0040d980 f i WebApi:User.obj
 0001:0000c9e0       ??_EUserWrapper@@UAEPAXI@Z 0040d9e0 f i * CIL library *:* CIL module *
 0001:0000c9e0       ??_GUserWrapper@@UAEPAXI@Z 0040d9e0 f i WebApi:User.obj
 0001:0000ca60       ??0UserWrapper@@QAE@PBD@Z  0040da60 f   WebApi:User.obj
 0001:0000cae0       ?create@UserWrapper@@UBEPAVJsonValue@@XZ 0040dae0 f   WebApi:User.obj
 0001:0000cb90       ?setUser@UserWrapper@@QAEXPAVUser@@@Z 0040db90 f   WebApi:User.obj
 0001:0000cbc0       ?get@UserWrapper@@UBE_NAAPAVJsonObject@@@Z 0040dbc0 f   WebApi:User.obj
 0001:0000cbe0       ?get@UserWrapper@@UBE_NW4JsonField@@AA_N@Z 0040dbe0 f   WebApi:User.obj
 0001:0000cc00       ?get@UserWrapper@@UBE_NW4JsonField@@AAH@Z 0040dc00 f   WebApi:User.obj
 0001:0000cc20       ?get@UserWrapper@@UBE_NW4JsonField@@AAPBD@Z 0040dc20 f   WebApi:User.obj
 0001:0000cc40       ?get@UserWrapper@@UBE_NW4JsonField@@AAPAVJsonObject@@@Z 0040dc40 f   WebApi:User.obj
 0001:0000cc60       ??0User@@QAE@PBD0@Z        0040dc60 f   WebApi:User.obj
 0001:0000d0f0       ??_GUser@@UAEPAXI@Z        0040e0f0 f i WebApi:User.obj
 0001:0000d0f0       ??_EUser@@UAEPAXI@Z        0040e0f0 f i * CIL library *:* CIL module *
 0001:0000d120       ??1User@@UAE@XZ            0040e120 f   WebApi:User.obj
 0001:0000d2e0       ?create@User@@UBEPAVJsonValue@@XZ 0040e2e0 f   WebApi:User.obj
 0001:0000d350       ?fromDbByUsername@User@@SAPAV1@VAuthority@@PBD11@Z 0040e350 f   WebApi:User.obj
 0001:0000d630       ?fromDbByUserid@User@@SAPAV1@VAuthority@@PBD11@Z 0040e630 f   WebApi:User.obj
 0001:0000d8e0       ?fromDb@User@@SAPAV1@VAuthority@@PBD111@Z 0040e8e0 f   WebApi:User.obj
 0001:0000dac0       ?Copy@User@@IAEXPAVUserRecord@@@Z 0040eac0 f   WebApi:User.obj
 0001:0000dc00       ?updateFromHtml@User@@SAPAV1@VAuthority@@PBD@Z 0040ec00 f   WebApi:User.obj
 0001:0000dd70       ?fromHtml@User@@IAEXVAuthority@@PBD_N@Z 0040ed70 f   WebApi:User.obj
 0001:0000eab0       ?CheckDuplicate@User@@IAE_NHPBU_PROPERTY@@H@Z 0040fab0 f   WebApi:User.obj
 0001:0000ed10       ?findUser@@YA_NAAPAVJsonObject@@VAuthority@@PBD222@Z 0040fd10 f   WebApi:User.obj
 0001:0000ed50       ?authUser@@YA_NAAPAVJsonObject@@VAuthority@@PBD2222@Z 0040fd50 f   WebApi:User.obj
 0001:0000edd0       ?updateUser@@YA_NAAPAVJsonObject@@VAuthority@@PBD@Z 0040fdd0 f   WebApi:User.obj
 0001:0000ee20       ?getViewModeId@ProgramRecord@@SAHXZ 0040fe20 f i WebApi:Zone.obj
 0001:0000ee30       ??0Zone@@QAE@PBD@Z         0040fe30 f   WebApi:Zone.obj
 0001:0000f5c0       ??_EZone@@UAEPAXI@Z        004105c0 f i * CIL library *:* CIL module *
 0001:0000f5c0       ??_GZone@@UAEPAXI@Z        004105c0 f i WebApi:Zone.obj
 0001:0000f5f0       ?create@Zone@@UBEPAVJsonValue@@XZ 004105f0 f   WebApi:Zone.obj
 0001:0000f660       ??1Zone@@UAE@XZ            00410660 f   WebApi:Zone.obj
 0001:0000f8c0       ?fromDb@Zone@@SAPAV1@VAuthority@@PBD11@Z 004108c0 f   WebApi:Zone.obj
 0001:0000fb50       ?Copy@Zone@@IAEXPAVZoneRecord@@@Z 00410b50 f   WebApi:Zone.obj
 0001:0000fe30       ?updateFromHtml@Zone@@SAPAV1@VAuthority@@PBD@Z 00410e30 f   WebApi:Zone.obj
 0001:0000ffa0       ?fromHtml@Zone@@IAEXVAuthority@@PBD_N@Z 00410fa0 f   WebApi:Zone.obj
 0001:00011610       ?CheckDuplicate@Zone@@IAE_NHPBU_PROPERTY@@H@Z 00412610 f   WebApi:Zone.obj
 0001:00011870       ?findZone@@YA_NVAuthority@@PBD11AAPAVJsonObject@@@Z 00412870 f   WebApi:Zone.obj
 0001:000118d0       ?updateZone@@YA_NVAuthority@@PBDAAPAVJsonObject@@@Z 004128d0 f   WebApi:Zone.obj
 0001:00011920       ??0Fixture@@QAE@PBD@Z      00412920 f   WebApi:Fixture.obj
 0001:000121a0       ??_EFixture@@UAEPAXI@Z     004131a0 f i * CIL library *:* CIL module *
 0001:000121a0       ??_GFixture@@UAEPAXI@Z     004131a0 f i WebApi:Fixture.obj
 0001:000121d0       ?create@Fixture@@UBEPAVJsonValue@@XZ 004131d0 f   WebApi:Fixture.obj
 0001:00012240       ??1Fixture@@UAE@XZ         00413240 f   WebApi:Fixture.obj
 0001:00012480       ?fromDb@Fixture@@SAPAV1@VAuthority@@PBD11@Z 00413480 f   WebApi:Fixture.obj
 0001:00012590       ?fixtureListFromDb@Fixture@@SAPAV1@VAuthority@@PBD11@Z 00413590 f   WebApi:Fixture.obj
 0001:000126e0       ?resetFaults@Fixture@@SAPAV1@VAuthority@@PBD1@Z 004136e0 f   WebApi:Fixture.obj
 0001:000129a0       ?Copy@Fixture@@IAEXPAVFixtureRecord@@@Z 004139a0 f   WebApi:Fixture.obj
 0001:00012cb0       ?updateFromHtml@Fixture@@SAPAV1@VAuthority@@PBD@Z 00413cb0 f   WebApi:Fixture.obj
 0001:00012e20       ?fromHtml@Fixture@@IAEXVAuthority@@PBD_N@Z 00413e20 f   WebApi:Fixture.obj
 0001:00014170       ?CheckDuplicate@Fixture@@IAE_NHPBU_PROPERTY@@H@Z 00415170 f   WebApi:Fixture.obj
 0001:000143d0       ?findFixture@@YA_NVAuthority@@PBD11AAPAVJsonObject@@@Z 004153d0 f   WebApi:Fixture.obj
 0001:00014430       ?updateFixture@@YA_NVAuthority@@PBDAAPAVJsonObject@@@Z 00415430 f   WebApi:Fixture.obj
 0001:00014480       ?resetFixtureFaults@@YA_NVAuthority@@PBD1AAPAVJsonObject@@@Z 00415480 f   WebApi:Fixture.obj
 0001:000144d0       ??0Program@@QAE@PBD@Z      004154d0 f   WebApi:Program.obj
 0001:000146b0       ??_GProgram@@UAEPAXI@Z     004156b0 f i WebApi:Program.obj
 0001:000146b0       ??_EProgram@@UAEPAXI@Z     004156b0 f i * CIL library *:* CIL module *
 0001:000146e0       ?create@Program@@UBEPAVJsonValue@@XZ 004156e0 f   WebApi:Program.obj
 0001:00014750       ??1Program@@UAE@XZ         00415750 f   WebApi:Program.obj
 0001:00014840       ?fromDb@Program@@SAPAV1@VAuthority@@PBD1@Z 00415840 f   WebApi:Program.obj
 0001:00014b60       ??4Program@@QAEAAV0@ABV0@@Z 00415b60 f i WebApi:Program.obj
 0001:00014cb0       ??4JsonValueInt@@QAEAAV0@ABV0@@Z 00415cb0 f i WebApi:Program.obj
 0001:00014d00       ??4JsonValueString@@QAEAAV0@ABV0@@Z 00415d00 f i WebApi:Program.obj
 0001:00014d50       ?Copy@Program@@IAEXPAVProgramRecord@@@Z 00415d50 f   WebApi:Program.obj
 0001:00014e00       ?updateFromHtml@Program@@SAPAV1@VAuthority@@PBD@Z 00415e00 f   WebApi:Program.obj
 0001:00014f40       ?fromHtml@Program@@IAEXVAuthority@@PBD_N@Z 00415f40 f   WebApi:Program.obj
 0001:00015cc0       ?CheckDuplicate@Program@@IAE_NHPBU_PROPERTY@@H@Z 00416cc0 f   WebApi:Program.obj
 0001:00015f20       ?findProgram@@YA_NVAuthority@@PBD1AAPAVJsonObject@@@Z 00416f20 f   WebApi:Program.obj
 0001:00015f70       ?updateProgram@@YA_NVAuthority@@PBDAAPAVJsonObject@@@Z 00416f70 f   WebApi:Program.obj
 0001:00016050       ??0ProgramStep@@QAE@PBD@Z  00417050 f   WebApi:ProgramStep.obj
 0001:00016570       ??_EProgramStep@@UAEPAXI@Z 00417570 f i * CIL library *:* CIL module *
 0001:00016570       ??_GProgramStep@@UAEPAXI@Z 00417570 f i WebApi:ProgramStep.obj
 0001:000165a0       ?create@ProgramStep@@UBEPAVJsonValue@@XZ 004175a0 f   WebApi:ProgramStep.obj
 0001:00016610       ??1ProgramStep@@UAE@XZ     00417610 f   WebApi:ProgramStep.obj
 0001:00016770       ?getSteps@ProgramStep@@SAPAV1@VAuthority@@PBD@Z 00417770 f   WebApi:ProgramStep.obj
 0001:000167f0       ?queryFromHtml@ProgramStep@@SAPAV1@VAuthority@@PBD@Z 004177f0 f   WebApi:ProgramStep.obj
 0001:00016930       ?Copy@ProgramStep@@IAEXPAVProgramStepRecord@@@Z 00417930 f   WebApi:ProgramStep.obj
 0001:00016b10       ?updateFromHtml@ProgramStep@@SAPAV1@VAuthority@@PBD@Z 00417b10 f   WebApi:ProgramStep.obj
 0001:00016c80       ?fromHtml@ProgramStep@@IAEXVAuthority@@PBD_N@Z 00417c80 f   WebApi:ProgramStep.obj
 0001:00017b60       ?findProgramStep@@YA_NVAuthority@@PBD1AAPAVJsonObject@@@Z 00418b60 f   WebApi:ProgramStep.obj
 0001:00017bf0       ?updateProgramStep@@YA_NVAuthority@@PBDAAPAVJsonObject@@@Z 00418bf0 f   WebApi:ProgramStep.obj
 0001:00017c50       ??0Network@@IAE@PBD@Z      00418c50 f   WebApi:Network.obj
 0001:000180a0       ??_ENetwork@@UAEPAXI@Z     004190a0 f i * CIL library *:* CIL module *
 0001:000180a0       ??_GNetwork@@UAEPAXI@Z     004190a0 f i WebApi:Network.obj
 0001:000180d0       ??1Network@@UAE@XZ         004190d0 f   WebApi:Network.obj
 0001:000182c0       ?create@Network@@UBEPAVJsonValue@@XZ 004192c0 f   WebApi:Network.obj
 0001:00018330       ?queryFromHtml@Network@@SAPAV1@PBD@Z 00419330 f   WebApi:Network.obj
 0001:00018430       ?updateFromHtml@Network@@SAPAV1@PBD@Z 00419430 f   WebApi:Network.obj
 0001:00018530       ?fromHtml@Network@@IAEXPBD_N@Z 00419530 f   WebApi:Network.obj
 0001:00018ef0       ?getNetwork@@YA_NPBDAAPAVJsonObject@@@Z 00419ef0 f   WebApi:Network.obj
 0001:00018f30       ?updateNetwork@@YA_NPBDAAPAVJsonObject@@@Z 00419f30 f   WebApi:Network.obj
 0001:00018f70       ??0RfConfig@@QAE@PBD@Z     00419f70 f   WebApi:RfConfig.obj
 0001:00019030       ??_ERfConfig@@UAEPAXI@Z    0041a030 f i * CIL library *:* CIL module *
 0001:00019030       ??_GRfConfig@@UAEPAXI@Z    0041a030 f i WebApi:RfConfig.obj
 0001:000190b0       ?create@RfConfig@@UBEPAVJsonValue@@XZ 0041a0b0 f   WebApi:RfConfig.obj
 0001:00019120       ??1RfConfig@@UAE@XZ        0041a120 f   WebApi:RfConfig.obj
 0001:00019190       ?fromDb@RfConfig@@SAPAV1@XZ 0041a190 f   WebApi:RfConfig.obj
 0001:000192b0       ?updateFromHtml@RfConfig@@SAPAV1@PBD@Z 0041a2b0 f   WebApi:RfConfig.obj
 0001:00019390       ?fromHtml@RfConfig@@IAEXPBD_N@Z 0041a390 f   WebApi:RfConfig.obj
 0001:00019910       ?findRfConfig@@YA_NAAPAVJsonObject@@@Z 0041a910 f   WebApi:RfConfig.obj
 0001:00019940       ?updateRfConfig@@YA_NPBDAAPAVJsonObject@@@Z 0041a940 f   WebApi:RfConfig.obj
 0001:000199a0       ??0Webster@@QAE@PBD@Z      0041a9a0 f   WebApi:Webster.obj
 0001:00019b40       ??_EWebster@@UAEPAXI@Z     0041ab40 f i * CIL library *:* CIL module *
 0001:00019b40       ??_GWebster@@UAEPAXI@Z     0041ab40 f i WebApi:Webster.obj
 0001:00019b70       ??1Webster@@UAE@XZ         0041ab70 f   WebApi:Webster.obj
 0001:00019b80       ?fromDb@Webster@@SAPAV1@VAuthority@@PBD1@Z 0041ab80 f   WebApi:Webster.obj
 0001:00019d50       ?updateFromHtml@Webster@@SAPAV1@VAuthority@@PBD@Z 0041ad50 f   WebApi:Webster.obj
 0001:00019f10       ?fromHtml@Webster@@IAEXVAuthority@@PBD_N@Z 0041af10 f   WebApi:Webster.obj
 0001:0001adb0       ?findWebster@@YA_NVAuthority@@PBD1AAPAVJsonObject@@@Z 0041bdb0 f   WebApi:Webster.obj
 0001:0001ae00       ?updateWebster@@YA_NVAuthority@@PBDAAPAVJsonObject@@@Z 0041be00 f   WebApi:Webster.obj
 0001:0001ae50       ??0Controller4Web@@QAE@PBD@Z 0041be50 f   WebApi:Controller4Web.obj
 0001:0001b1d0       ??_GController4Web@@UAEPAXI@Z 0041c1d0 f i WebApi:Controller4Web.obj
 0001:0001b1d0       ??_EController4Web@@UAEPAXI@Z 0041c1d0 f i * CIL library *:* CIL module *
 0001:0001b200       ?create@Controller4Web@@UBEPAVJsonValue@@XZ 0041c200 f   WebApi:Controller4Web.obj
 0001:0001b270       ??1Controller4Web@@UAE@XZ  0041c270 f   WebApi:Controller4Web.obj
 0001:0001b3c0       ?fromDb@Controller4Web@@SAPAV1@VAuthority@@PBD1@Z 0041c3c0 f   WebApi:Controller4Web.obj
 0001:0001b550       ?updateFromHtml@Controller4Web@@SAPAV1@VAuthority@@PBD@Z 0041c550 f   WebApi:Controller4Web.obj
 0001:0001b6c0       ?fromHtml@Controller4Web@@IAEXVAuthority@@PBD_N@Z 0041c6c0 f   WebApi:Controller4Web.obj
 0001:0001c720       ??4JsonColor@@QAEAAV0@ABV0@@Z 0041d720 f i WebApi:Controller4Web.obj
 0001:0001c960       ?findController4Web@@YA_NVAuthority@@PBD1AAPAVJsonObject@@@Z 0041d960 f   WebApi:Controller4Web.obj
 0001:0001c9b0       ?updateController4Web@@YA_NVAuthority@@PBDAAPAVJsonObject@@@Z 0041d9b0 f   WebApi:Controller4Web.obj
 0001:0001ca00       ??0ZoneFault@@QAE@PBD@Z    0041da00 f   WebApi:ZoneFault.obj
 0001:0001cb30       ??_EZoneFault@@UAEPAXI@Z   0041db30 f i * CIL library *:* CIL module *
 0001:0001cb30       ??_GZoneFault@@UAEPAXI@Z   0041db30 f i WebApi:ZoneFault.obj
 0001:0001cbc0       ?create@ZoneFault@@UBEPAVJsonValue@@XZ 0041dbc0 f   WebApi:ZoneFault.obj
 0001:0001cc30       ??1ZoneFault@@UAE@XZ       0041dc30 f   WebApi:ZoneFault.obj
 0001:0001ccb0       ?fromDb@ZoneFault@@SAPAV1@VAuthority@@PBD@Z 0041dcb0 f   WebApi:ZoneFault.obj
 0001:0001d0c0       ?findZoneFaults@@YA_NVAuthority@@PBDAAPAVJsonObject@@@Z 0041e0c0 f   WebApi:ZoneFault.obj
 0001:0001d110       ??0Map@@QAE@PBD@Z          0041e110 f   WebApi:Map.obj
 0001:0001d480       ??_GMap@@UAEPAXI@Z         0041e480 f i WebApi:Map.obj
 0001:0001d480       ??_EMap@@UAEPAXI@Z         0041e480 f i * CIL library *:* CIL module *
 0001:0001d4b0       ?create@Map@@UBEPAVJsonValue@@XZ 0041e4b0 f   WebApi:Map.obj
 0001:0001d520       ??1Map@@UAE@XZ             0041e520 f   WebApi:Map.obj
 0001:0001d700       ?fromDb@Map@@SAPAV1@VAuthority@@PBD1@Z 0041e700 f   WebApi:Map.obj
 0001:0001d8d0       ?Copy@Map@@IAEXPAVMapRecord@@@Z 0041e8d0 f   WebApi:Map.obj
 0001:0001da20       ?updateFromHtml@Map@@SAPAV1@VAuthority@@PBD@Z 0041ea20 f   WebApi:Map.obj
 0001:0001db90       ?fromHtml@Map@@IAEXVAuthority@@PBD_N@Z 0041eb90 f   WebApi:Map.obj
 0001:0001e9d0       ?CheckDuplicate@Map@@IAE_NHPBU_PROPERTY@@H@Z 0041f9d0 f   WebApi:Map.obj
 0001:0001ec30       ?findMap@@YA_NVAuthority@@PBD1AAPAVJsonObject@@@Z 0041fc30 f   WebApi:Map.obj
 0001:0001ec80       ?updateMap@@YA_NVAuthority@@PBDAAPAVJsonObject@@@Z 0041fc80 f   WebApi:Map.obj
 0001:0001ecd0       ??0Sensor@@QAE@PBD@Z       0041fcd0 f   WebApi:Sensor.obj
 0001:0001ed00       ??_GSensor@@UAEPAXI@Z      0041fd00 f i WebApi:Sensor.obj
 0001:0001ed00       ??_ESensor@@UAEPAXI@Z      0041fd00 f i * CIL library *:* CIL module *
 0001:0001ed80       ?create@Sensor@@UBEPAVJsonValue@@XZ 0041fd80 f   WebApi:Sensor.obj
 0001:0001ee10       ??1Sensor@@UAE@XZ          0041fe10 f   WebApi:Sensor.obj
 0001:0001ee80       ?fromDb@Sensor@@SAPAV1@VAuthority@@PBD1@Z 0041fe80 f   WebApi:Sensor.obj
 0001:0001ef90       ?SensorListFromDb@Sensor@@SAPAV1@VAuthority@@PBD1@Z 0041ff90 f   WebApi:Sensor.obj
 0001:0001f0c0       ?resetFaults@Sensor@@SAPAV1@VAuthority@@PBD@Z 004200c0 f   WebApi:Sensor.obj
 0001:0001f2a0       ?Copy@Sensor@@IAEXPAVSensorRecord@@@Z 004202a0 f   WebApi:Sensor.obj
 0001:0001f5a0       ?updateFromHtml@Sensor@@SAPAV1@VAuthority@@PBD@Z 004205a0 f   WebApi:Sensor.obj
 0001:0001f720       ?fromHtml@Sensor@@IAEXVAuthority@@PBD_N@Z 00420720 f   WebApi:Sensor.obj
 0001:00020870       ?CheckDuplicate@Sensor@@IAE_NHPBU_PROPERTY@@H@Z 00421870 f   WebApi:Sensor.obj
 0001:00020ad0       ?findSensor@@YA_NVAuthority@@PBD1AAPAVJsonObject@@@Z 00421ad0 f   WebApi:Sensor.obj
 0001:00020b20       ?updateSensor@@YA_NVAuthority@@PBDAAPAVJsonObject@@@Z 00421b20 f   WebApi:Sensor.obj
 0001:00020b70       ?resetSensorFaults@@YA_NVAuthority@@PBDAAPAVJsonObject@@@Z 00421b70 f   WebApi:Sensor.obj
 0001:00020bc0       ??0JsonValueString@@QAE@PBD0HH@Z 00421bc0 f   WebApi:JsonString.obj
 0001:00020c40       ??_GJsonValueString@@UAEPAXI@Z 00421c40 f i WebApi:JsonString.obj
 0001:00020c40       ??_EJsonValueString@@UAEPAXI@Z 00421c40 f i * CIL library *:* CIL module *
 0001:00020c80       ?create@JsonValueString@@UBEPAVJsonValue@@XZ 00421c80 f   WebApi:JsonString.obj
 0001:00020d20       ??1JsonValueString@@UAE@XZ 00421d20 f   WebApi:JsonString.obj
 0001:00020d50       ?release@JsonValueString@@IAEXXZ 00421d50 f   WebApi:JsonString.obj
 0001:00020d70       ?get@JsonValueString@@UBE_NAAPBD@Z 00421d70 f   WebApi:JsonString.obj
 0001:00020e00       ?exportJson@JsonValueString@@UBE_NAAPADAAH@Z 00421e00 f   WebApi:JsonString.obj
 0001:00020e60       ?importJson@JsonValueString@@UAE_NPBD@Z 00421e60 f   WebApi:JsonString.obj
 0001:00020f00       ?set@JsonValueString@@UAE_NPBD@Z 00421f00 f   WebApi:JsonString.obj
 0001:00021000       ?areCharsValid@JsonValueString@@IBE_NPBD@Z 00422000 f   WebApi:JsonString.obj
 0001:000211e0       ??8_NAMED_ENUM@@QBE_NABF@Z 004221e0 f   WebApi:JsonField.obj
 0001:00021200       ??8_NAMED_ENUM@@QBE_NABQBD@Z 00422200 f   WebApi:JsonField.obj
 0001:00021230       ??0JsonValueInt@@QAE@PBD0HH@Z 00422230 f   WebApi:JsonInt.obj
 0001:000212b0       ??_EJsonValueInt@@UAEPAXI@Z 004222b0 f i * CIL library *:* CIL module *
 0001:000212b0       ??_GJsonValueInt@@UAEPAXI@Z 004222b0 f i WebApi:JsonInt.obj
 0001:000212e0       ?create@JsonValueInt@@UBEPAVJsonValue@@XZ 004222e0 f   WebApi:JsonInt.obj
 0001:00021370       ?__autoclassinit2@JsonValueInt@@QAEXI@Z 00422370 f i WebApi:JsonInt.obj
 0001:00021380       ??1JsonValueInt@@UAE@XZ    00422380 f   WebApi:JsonInt.obj
 0001:00021390       ?get@JsonValueInt@@UBE_NAAH@Z 00422390 f   WebApi:JsonInt.obj
 0001:000213b0       ?importJson@JsonValueInt@@UAE_NPBD@Z 004223b0 f   WebApi:JsonInt.obj
 0001:00021410       ?exportJson@JsonValueInt@@UBE_NAAPADAAH@Z 00422410 f   WebApi:JsonInt.obj
 0001:00021440       ?set@JsonValueInt@@UAE_NH@Z 00422440 f   WebApi:JsonInt.obj
 0001:00021450       ?set@JsonValueInt@@UAE_NPBD@Z 00422450 f   WebApi:JsonInt.obj
 0001:00021500       ?areDigitsValid@JsonValueInt@@IBE_NPBD@Z 00422500 f   WebApi:JsonInt.obj
 0001:00021540       ?getKey@KeyValue@@QAEPBDXZ 00422540 f i WebApi:ConfigFile.obj
 0001:00021550       ?getValue@KeyValue@@QAEPBDXZ 00422550 f i WebApi:ConfigFile.obj
 0001:00021560       ?length@ConfigFile@@IAEHXZ 00422560 f i WebApi:ConfigFile.obj
 0001:00021570       ??0KeyValue@@QAE@PBD0@Z    00422570 f   WebApi:ConfigFile.obj
 0001:000215f0       ??1KeyValue@@QAE@XZ        004225f0 f   WebApi:ConfigFile.obj
 0001:00021630       ??0ConfigFile@@QAE@XZ      00422630 f   WebApi:ConfigFile.obj
 0001:00021650       ??1ConfigFile@@QAE@XZ      00422650 f   WebApi:ConfigFile.obj
 0001:00021680       ?empty@ConfigFile@@IAEXXZ  00422680 f   WebApi:ConfigFile.obj
 0001:000216f0       ??_GKeyValue@@QAEPAXI@Z    004226f0 f i WebApi:ConfigFile.obj
 0001:00021730       ?load@ConfigFile@@QAE_NPBD@Z 00422730 f   WebApi:ConfigFile.obj
 0001:00021a00       ?insert@ConfigFile@@IAE_NPBD0@Z 00422a00 f   WebApi:ConfigFile.obj
 0001:00021ab0       ?item@ConfigFile@@IAE_NHAAPBD0@Z 00422ab0 f   WebApi:ConfigFile.obj
 0001:00021af0       ?findKey@ConfigFile@@QAE_NQBDAAPBD0@Z 00422af0 f   WebApi:ConfigFile.obj
 0001:00021b80       ?savePathname@ConfigFile@@IAEXPBD@Z 00422b80 f   WebApi:ConfigFile.obj
 0001:00021bf0       ?editKey@ConfigFile@@QAE_NQBDPBD@Z 00422bf0 f   WebApi:ConfigFile.obj
 0001:00021d10       ?save@ConfigFile@@QAE_NPBD@Z 00422d10 f   WebApi:ConfigFile.obj
 0001:00021e40       ?findJfEntry@@YAPAU_NAMED_ENUM@@PBD@Z 00422e40 f   WebApi:LumiGrowJson.obj
 0001:00021ea0       ?findJfEntry@@YAPAU_NAMED_ENUM@@F@Z 00422ea0 f   WebApi:LumiGrowJson.obj
 0001:00021ec0       ?findExact@@YAPBDPBD0@Z    00422ec0 f   WebApi:LumiGrowJson.obj
 0001:00021f10       ?findChar@@YA_NPBDD@Z      00422f10 f   WebApi:LumiGrowJson.obj
 0001:00021f90       ?asciiToJson@@YA_NPBDAAPAD@Z 00422f90 f   WebApi:LumiGrowJson.obj
 0001:00022140       ?jsonToAscii@@YA_NPBDAAPAD@Z 00423140 f   WebApi:LumiGrowJson.obj
 0001:00022260       ??0JsonValueArray@@QAE@W4JsonDataType@@PBD1@Z 00423260 f   WebApi:JsonValueArray.obj
 0001:000222a0       ??_EJsonValueArray@@UAEPAXI@Z 004232a0 f i * CIL library *:* CIL module *
 0001:000222a0       ??_GJsonValueArray@@UAEPAXI@Z 004232a0 f i WebApi:JsonValueArray.obj
 0001:00022320       ?create@JsonValueArray@@UBEPAVJsonValue@@XZ 00423320 f   WebApi:JsonValueArray.obj
 0001:000223d0       ?__autoclassinit2@JsonValueArray@@QAEXI@Z 004233d0 f i WebApi:JsonValueArray.obj
 0001:000223f0       ??1JsonValueArray@@UAE@XZ  004233f0 f   WebApi:JsonValueArray.obj
 0001:00022460       ?release@JsonValueArray@@IAEXXZ 00423460 f   WebApi:JsonValueArray.obj
 0001:00022480       ?insert@JsonValueArray@@QAE_NH@Z 00423480 f   WebApi:JsonValueArray.obj
 0001:000225e0       ?insert@JsonValueArray@@QAE_N_N@Z 004235e0 f   WebApi:JsonValueArray.obj
 0001:00022690       ?__autoclassinit2@JsonValueBool@@QAEXI@Z 00423690 f i WebApi:JsonValueArray.obj
 0001:000226a0       ?insert@JsonValueArray@@QAE_NPBD@Z 004236a0 f   WebApi:JsonValueArray.obj
 0001:00022860       ?__autoclassinit2@JsonRequestParams@@QAEXI@Z 00423860 f i WebApi:JsonValueArray.obj
 0001:00022880       ?insert@JsonValueArray@@QAE_NPAVJsonObject@@@Z 00423880 f   WebApi:JsonValueArray.obj
 0001:000228d0       ?remove@JsonValueArray@@QAE_NH_N@Z 004238d0 f   WebApi:JsonValueArray.obj
 0001:000228e0       ?removeIndex@JsonValueArray@@QAE_NH@Z 004238e0 f   WebApi:JsonValueArray.obj
 0001:000228f0       ?remove@JsonValueArray@@QAE_NPBD_N@Z 004238f0 f   WebApi:JsonValueArray.obj
 0001:00022900       ?exportJson@JsonValueArray@@UBE_NAAPADAAH@Z 00423900 f   WebApi:JsonValueArray.obj
 0001:000229e0       ?importJson@JsonValueArray@@UAE_NPBD@Z 004239e0 f   WebApi:JsonValueArray.obj
 0001:00022b70       ?set@JsonValueArray@@UAE_NPBVJsonObject@@@Z 00423b70 f   WebApi:JsonValueArray.obj
 0001:00022bc0       ?contains@JsonValueArray@@QBE_NH@Z 00423bc0 f   WebApi:JsonValueArray.obj
 0001:00022c70       ?contains@JsonValueArray@@QBE_N_N@Z 00423c70 f   WebApi:JsonValueArray.obj
 0001:00022d00       ?contains@JsonValueArray@@QBE_NPBD@Z 00423d00 f   WebApi:JsonValueArray.obj
 0001:00022db0       ?contains@JsonValueArray@@QBE_NPAVJsonObject@@@Z 00423db0 f   WebApi:JsonValueArray.obj
 0001:00022de0       ?link@JsonValueArray@@UAEPAVJsonValue@@PAV2@@Z 00423de0 f   WebApi:JsonValueArray.obj
 0001:00022f70       ?getAt@JsonValueArray@@QBEPAVJsonValue@@H@Z 00423f70 f   WebApi:JsonValueArray.obj
 0001:00022fa0       ??0JsonValueObjectError@@QAE@PBD@Z 00423fa0 f   WebApi:JsonObjectError.obj
 0001:00022fd0       ??_EJsonValueObjectError@@UAEPAXI@Z 00423fd0 f i * CIL library *:* CIL module *
 0001:00022fd0       ??_GJsonValueObjectError@@UAEPAXI@Z 00423fd0 f i WebApi:JsonObjectError.obj
 0001:00023000       ?create@JsonValueObjectError@@UBEPAVJsonValue@@XZ 00424000 f   WebApi:JsonObjectError.obj
 0001:00023050       ?__autoclassinit2@JsonValueObjectError@@QAEXI@Z 00424050 f i WebApi:JsonObjectError.obj
 0001:00023060       ??1JsonValueObjectError@@UAE@XZ 00424060 f   WebApi:JsonObjectError.obj
 0001:00023070       ??0JsonValueObjectCause@@QAE@PBD@Z 00424070 f   WebApi:JsonObjectCause.obj
 0001:000230e0       ??_EJsonValueObjectCause@@UAEPAXI@Z 004240e0 f i * CIL library *:* CIL module *
 0001:000230e0       ??_GJsonValueObjectCause@@UAEPAXI@Z 004240e0 f i WebApi:JsonObjectCause.obj
 0001:00023110       ?create@JsonValueObjectCause@@UBEPAVJsonValue@@XZ 00424110 f   WebApi:JsonObjectCause.obj
 0001:000231b0       ?__autoclassinit2@JsonValueObjectCause@@QAEXI@Z 004241b0 f i WebApi:JsonObjectCause.obj
 0001:000231c0       ??1JsonValueObjectCause@@UAE@XZ 004241c0 f   WebApi:JsonObjectCause.obj
 0001:000231d0       ??0JsonValueBool@@QAE@PBD@Z 004241d0 f   WebApi:JsonBool.obj
 0001:00023230       ??_GJsonValueBool@@UAEPAXI@Z 00424230 f i WebApi:JsonBool.obj
 0001:00023230       ??_EJsonValueBool@@UAEPAXI@Z 00424230 f i * CIL library *:* CIL module *
 0001:00023260       ?create@JsonValueBool@@UBEPAVJsonValue@@XZ 00424260 f   WebApi:JsonBool.obj
 0001:000232e0       ??1JsonValueBool@@UAE@XZ   004242e0 f   WebApi:JsonBool.obj
 0001:000232f0       ?get@JsonValueBool@@UBE_NAA_N@Z 004242f0 f   WebApi:JsonBool.obj
 0001:00023310       ?importJson@JsonValueBool@@UAE_NPBD@Z 00424310 f   WebApi:JsonBool.obj
 0001:00023370       ?exportJson@JsonValueBool@@UBE_NAAPADAAH@Z 00424370 f   WebApi:JsonBool.obj
 0001:000233b0       ?set@JsonValueBool@@UAE_N_N@Z 004243b0 f   WebApi:JsonBool.obj
 0001:00023430       ?set@JsonValueBool@@UAE_NPBD@Z 00424430 f   WebApi:JsonBool.obj
 0001:000234c0       ??0JsonResponseItem@@QAE@PBD@Z 004244c0 f   WebApi:JsonResponseItem.obj
 0001:00023510       ??_EJsonResponseItem@@UAEPAXI@Z 00424510 f i * CIL library *:* CIL module *
 0001:00023510       ??_GJsonResponseItem@@UAEPAXI@Z 00424510 f i WebApi:JsonResponseItem.obj
 0001:00023580       ?create@JsonResponseItem@@UBEPAVJsonValue@@XZ 00424580 f   WebApi:JsonResponseItem.obj
 0001:00023640       ?__autoclassinit2@JsonResponseItem@@QAEXI@Z 00424640 f i WebApi:JsonResponseItem.obj
 0001:00023660       ??1JsonResponseItem@@UAE@XZ 00424660 f   WebApi:JsonResponseItem.obj
 0001:000236c0       ?release@JsonResponseItem@@IAEXXZ 004246c0 f   WebApi:JsonResponseItem.obj
 0001:00023740       ?insert@JsonResponseItem@@QAE_NU_NAMED_ENUM@@PBVJsonObject@@@Z 00424740 f   WebApi:JsonResponseItem.obj
 0001:00023850       ?insert@JsonResponseItem@@IAE_NAAU_JSON_FIELD@@@Z 00424850 f   WebApi:JsonResponseItem.obj
 0001:000238f0       ?importJson@JsonResponseItem@@UAE_NPBD@Z 004248f0 f   WebApi:JsonResponseItem.obj
 0001:00023d50       ??0ParseError@@QAE@XZ      00424d50 f   WebApi:ParseError.obj
 0001:00023d70       ??1ParseError@@QAE@XZ      00424d70 f   WebApi:ParseError.obj
 0001:00023db0       ?release@ParseError@@IAEXXZ 00424db0 f   WebApi:ParseError.obj
 0001:00023df0       ?setErrorField@ParseError@@QAEXPBD@Z 00424df0 f   WebApi:ParseError.obj
 0001:00023e60       ?setErrorValue@ParseError@@QAEXPBD@Z 00424e60 f   WebApi:ParseError.obj
 0001:00023ed0       ?setErrorValue@ParseError@@QAEXH@Z 00424ed0 f   WebApi:ParseError.obj
 0001:00023f60       ?setCommunicationError@ParseError@@QAEXXZ 00424f60 f   WebApi:ParseError.obj
 0001:00023fe0       ?setMissingControllerError@ParseError@@QAEXXZ 00424fe0 f   WebApi:ParseError.obj
 0001:00024060       ?setUpdateFailedError@ParseError@@QAEXXZ 00425060 f   WebApi:ParseError.obj
 0001:000240e0       ?setDatabaseFailedError@ParseError@@QAEXXZ 004250e0 f   WebApi:ParseError.obj
 0001:00024110       ?setUnknownError@ParseError@@QAEXXZ 00425110 f   WebApi:ParseError.obj
 0001:00024190       ?setNotFoundError@ParseError@@QAEXXZ 00425190 f   WebApi:ParseError.obj
 0001:000241d0       ?setResourcesError@ParseError@@QAEXXZ 004251d0 f   WebApi:ParseError.obj
 0001:00024250       ?setSuccess@ParseError@@QAEXXZ 00425250 f   WebApi:ParseError.obj
 0001:00024290       ?getErrorFieldId@ParseError@@QAEHXZ 00425290 f   WebApi:ParseError.obj
 0001:000243d0       ?fromHtml@@YA_NPBDPAU_PROPERTY@@HAAVParseError@@_N@Z 004253d0 f   WebApi:Html.obj
 0001:00024550       ?buildQuery@@YA_NPADHQAU_PROPERTY@@H@Z 00425550 f   WebApi:Html.obj
 0001:00024690       ?propertyFound@@YA_NPAU_PROPERTY@@HW4JsonField@@@Z 00425690 f   WebApi:Html.obj
 0001:000246d0       ?propertyFound@@YA_NPAU_PROPERTY@@HQBD@Z 004256d0 f   WebApi:Html.obj
 0001:00024730       ?strchr@@YAPADPADH@Z       00425730 f i WebApi:Html.obj
 0001:00024760       ?getAlertType@@YAPBDH@Z    00425760 f   WebApi:AlertRecord.obj
 0001:00024780       ?lock@AlertRecord@@KAXXZ   00425780 f   WebApi:AlertRecord.obj
 0001:000247b0       ?unlock@AlertRecord@@KAXXZ 004257b0 f   WebApi:AlertRecord.obj
 0001:000247c0       ??0AlertRecord@@IAE@XZ     004257c0 f   WebApi:AlertRecord.obj
 0001:00024840       ??_GAlertRecord@@UAEPAXI@Z 00425840 f i WebApi:AlertRecord.obj
 0001:00024840       ??_EAlertRecord@@UAEPAXI@Z 00425840 f i * CIL library *:* CIL module *
 0001:00024880       ??0AlertRecord@@IAE@H@Z    00425880 f   WebApi:AlertRecord.obj
 0001:00024940       ??1AlertRecord@@UAE@XZ     00425940 f   WebApi:AlertRecord.obj
 0001:00024960       ?init@AlertRecord@@IAEXXZ  00425960 f   WebApi:AlertRecord.obj
 0001:000249a0       ?query@AlertRecord@@SAPAVRecord@@PBDAAVParseError@@@Z 004259a0 f   WebApi:AlertRecord.obj
 0001:00024a40       ?insert@AlertRecord@@SAPAVRecord@@PBDAAVParseError@@@Z 00425a40 f   WebApi:AlertRecord.obj
 0001:00024b30       ?update@AlertRecord@@SAPAVRecord@@PBDAAVParseError@@@Z 00425b30 f   WebApi:AlertRecord.obj
 0001:00024bd0       ?deleteRec@AlertRecord@@SAPAVRecord@@PBDAAVParseError@@@Z 00425bd0 f   WebApi:AlertRecord.obj
 0001:00024c90       ?fromRecNo@AlertRecord@@MBEPAVRecord@@H@Z 00425c90 f   WebApi:AlertRecord.obj
 0001:00024d20       ?getRecCount@AlertRecord@@MBEHXZ 00425d20 f   WebApi:AlertRecord.obj
 0001:00024d40       ?get@AlertRecord@@UAEPAXPBD@Z 00425d40 f   WebApi:AlertRecord.obj
 0001:00024d70       ?get@AlertRecord@@MBEPAXHAAW4ColumnType@Record@@@Z 00425d70 f   WebApi:AlertRecord.obj
 0001:00024e50       ?set@AlertRecord@@UAE_NPBDPAX@Z 00425e50 f   WebApi:AlertRecord.obj
 0001:00024e70       ?columnNo@AlertRecord@@MBEHPBD@Z 00425e70 f   WebApi:AlertRecord.obj
 0001:00024ed0       ?columnName@AlertRecord@@MBEPBDH@Z 00425ed0 f   WebApi:AlertRecord.obj
 0001:00024f10       ?columnType@AlertRecord@@MBE?AW4ColumnType@Record@@H@Z 00425f10 f   WebApi:AlertRecord.obj
 0001:00024f50       ?set@AlertRecord@@MAE_NHPAX@Z 00425f50 f   WebApi:AlertRecord.obj
 0001:00025020       ?closeTable@AlertRecord@@KAXXZ 00426020 f   WebApi:AlertRecord.obj
 0001:000250a0       ?doOpenTable@AlertRecord@@MAEXXZ 004260a0 f   WebApi:AlertRecord.obj
 0001:000250b0       ?openTable@AlertRecord@@KAXI_N0@Z 004260b0 f   WebApi:AlertRecord.obj
 0001:00025310       ?release@AlertRecord@@SAXXZ 00426310 f   WebApi:AlertRecord.obj
 0001:00025360       ?upgradeTable@AlertRecord@@KAXXZ 00426360 f   WebApi:AlertRecord.obj
 0001:00025610       ?save@AlertRecord@@UAE_NXZ 00426610 f   WebApi:AlertRecord.obj
 0001:000256a0       ?isDeleted@AlertRecord@@MBE_NXZ 004266a0 f   WebApi:AlertRecord.obj
 0001:000256b0       ?isDeleted@AlertRecord@@MBE_NH@Z 004266b0 f   WebApi:AlertRecord.obj
 0001:000256e0       ??0Performance@@QAE@XZ     004266e0 f   WebApi:Performance.obj
 0001:00025710       ??1Performance@@QAE@XZ     00426710 f   WebApi:Performance.obj
 0001:00025720       ?getElapsed@Performance@@QAE_KXZ 00426720 f   WebApi:Performance.obj
 0001:00025790       ?getElapsedmS@Performance@@QAE_KXZ 00426790 f   WebApi:Performance.obj
 0001:000257d0       ?getElapsed100nS@Performance@@QAE_KXZ 004267d0 f   WebApi:Performance.obj
 0001:00025800       ?start@Performance@@QAEXXZ 00426800 f   WebApi:Performance.obj
 0001:00025820       ?stop@Performance@@QAEXXZ  00426820 f   WebApi:Performance.obj
 0001:00025830       ?started@Performance@@IAE_NXZ 00426830 f   WebApi:Performance.obj
 0001:00025840       ??0Thread@@QAE@P6GKPAX@Z0@Z 00426840 f   WebApi:Thread.obj
 0001:00025870       ??1Thread@@QAE@XZ          00426870 f   WebApi:Thread.obj
 0001:000258c0       ?start@Thread@@QAE_NPAX@Z  004268c0 f   WebApi:Thread.obj
 0001:00025900       ?startIndirect@Thread@@QAE_NPAX@Z 00426900 f   WebApi:Thread.obj
 0001:00025940       ?cancel@Thread@@QAE_NPAPAX@Z 00426940 f   WebApi:Thread.obj
 0001:00025990       ?wait@Thread@@QAEXU_WAITTIME@@@Z 00426990 f   WebApi:Thread.obj
 0001:000259f0       ?nanosleep@@YAXPBKPAK@Z    004269f0 f   WebApi:Thread.obj
 0001:00025a40       ?pthread_setcancelstate@@YAHHPAH@Z 00426a40 f   WebApi:Thread.obj
 0001:00025a50       ?pthread_cond_reltimedwait_np@@YAHPAH0PBUtimespec@@@Z 00426a50 f   WebApi:Thread.obj
 0001:00025ab0       ?havePort@SerialController@@IAE_NXZ 00426ab0 f i WebApi:SerialController.obj
 0001:00025ac0       ??0SerialController@@IAE@PBD@Z 00426ac0 f   WebApi:SerialController.obj
 0001:00025bc0       ??_GSerialController@@UAEPAXI@Z 00426bc0 f i WebApi:SerialController.obj
 0001:00025bc0       ??_ESerialController@@UAEPAXI@Z 00426bc0 f i * CIL library *:* CIL module *
 0001:00025c30       ??1SerialController@@UAE@XZ 00426c30 f   WebApi:SerialController.obj
 0001:00025c80       ?attach@SerialController@@MAE_NXZ 00426c80 f   WebApi:SerialController.obj
 0001:00025db0       ?close@SerialController@@IAEXXZ 00426db0 f   WebApi:SerialController.obj
 0001:00025de0       ?logAndDump@@YAXPBDPAEI@Z  00426de0 f   WebApi:SerialController.obj
 0001:00025e40       ?logErrorAndDump@@YAXPBDPAEI@Z 00426e40 f   WebApi:SerialController.obj
 0001:00025ec0       ?recv@SerialController@@MAEIPADI@Z 00426ec0 f   WebApi:SerialController.obj
 0001:00026120       ?send@SerialController@@MAEHPADI@Z 00427120 f   WebApi:SerialController.obj
 0001:00026200       ?flush@SerialController@@MAEXXZ 00427200 f   WebApi:SerialController.obj
 0001:00026310       ?cancelIo@SerialController@@MAEXXZ 00427310 f   WebApi:SerialController.obj
 0001:00026350       ?haveSocket@IpController@@IAE_NXZ 00427350 f i WebApi:IpController.obj
 0001:00026360       ??0IpController@@IAE@PBD@Z 00427360 f   WebApi:IpController.obj
 0001:000263f0       ??_EIpController@@UAEPAXI@Z 004273f0 f i * CIL library *:* CIL module *
 0001:000263f0       ??_GIpController@@UAEPAXI@Z 004273f0 f i WebApi:IpController.obj
 0001:00026470       ??1IpController@@UAE@XZ    00427470 f   WebApi:IpController.obj
 0001:000264d0       ?attach@IpController@@MAE_NXZ 004274d0 f   WebApi:IpController.obj
 0001:000265e0       ?close@IpController@@IAEXXZ 004275e0 f   WebApi:IpController.obj
 0001:00026610       ?recv@IpController@@MAEIPADI@Z 00427610 f   WebApi:IpController.obj
 0001:000266a0       ?send@IpController@@MAEHPADI@Z 004276a0 f   WebApi:IpController.obj
 0001:00026780       ?flush@IpController@@MAEXXZ 00427780 f   WebApi:IpController.obj
 0001:000267c0       ?cancelIo@IpController@@MAEXXZ 004277c0 f   WebApi:IpController.obj
 0001:000267e0       ??0JsonResponse@@QAE@PBD@Z 004277e0 f   WebApi:JsonResponse.obj
 0001:00026990       ??_EJsonResponse@@UAEPAXI@Z 00427990 f i * CIL library *:* CIL module *
 0001:00026990       ??_GJsonResponse@@UAEPAXI@Z 00427990 f i WebApi:JsonResponse.obj
 0001:000269c0       ?create@JsonResponse@@UBEPAVJsonValue@@XZ 004279c0 f   WebApi:JsonResponse.obj
 0001:00026a50       ?__autoclassinit2@JsonResponse@@QAEXI@Z 00427a50 f i WebApi:JsonResponse.obj
 0001:00026a70       ??1JsonResponse@@UAE@XZ    00427a70 f   WebApi:JsonResponse.obj
 0001:00026b50       ?importJson@JsonResponse@@UAE_NPBD@Z 00427b50 f   WebApi:JsonResponse.obj
 0001:00026c60       ?getItems@JsonResponse@@QBEPBDXZ 00427c60 f   WebApi:JsonResponse.obj
 0001:00026c80       ?setItems@JsonResponse@@QAE_NU_NAMED_ENUM@@PAVJsonObject@@@Z 00427c80 f   WebApi:JsonResponse.obj
 0001:00026cb0       ??0JsonRequest@@QAE@PBD@Z  00427cb0 f   WebApi:JsonRequest.obj
 0001:00026ff0       ??_EJsonRequest@@UAEPAXI@Z 00427ff0 f i * CIL library *:* CIL module *
 0001:00026ff0       ??_GJsonRequest@@UAEPAXI@Z 00427ff0 f i WebApi:JsonRequest.obj
 0001:00027020       ?create@JsonRequest@@UBEPAVJsonValue@@XZ 00428020 f   WebApi:JsonRequest.obj
 0001:000270b0       ?__autoclassinit2@JsonRequest@@QAEXI@Z 004280b0 f i WebApi:JsonRequest.obj
 0001:000270d0       ??1JsonRequest@@UAE@XZ     004280d0 f   WebApi:JsonRequest.obj
 0001:00027240       ?createAttach@JsonRequest@@SAPAV1@PBD@Z 00428240 f   WebApi:JsonRequest.obj
 0001:00027320       ?createDelete@JsonRequest@@SAPAV1@PBD00@Z 00428320 f   WebApi:JsonRequest.obj
 0001:000273b0       ?createGet@JsonRequest@@SAPAV1@PBD00HPAVJsonRequestFields@@@Z 004283b0 f   WebApi:JsonRequest.obj
 0001:00027450       ??4JsonRequestFields@@QAEAAV0@ABV0@@Z 00428450 f i WebApi:JsonRequest.obj
 0001:000274b0       ??4JsonValueArray@@QAEAAV0@ABV0@@Z 004284b0 f i WebApi:JsonRequest.obj
 0001:00027510       ?createInsert@JsonRequest@@SAPAV1@PBD0PAVJsonRequestParams@@PAVJsonRequestFields@@@Z 00428510 f   WebApi:JsonRequest.obj
 0001:000275f0       ?createSet@JsonRequest@@SAPAV1@PBD00PAVJsonRequestParams@@PAVJsonRequestFields@@@Z 004285f0 f   WebApi:JsonRequest.obj
 0001:00027700       ?setFields@JsonRequest@@QAE_NPBD@Z 00428700 f   WebApi:JsonRequest.obj
 0001:00027720       ?setParams@JsonRequest@@QAE_NPBD@Z 00428720 f   WebApi:JsonRequest.obj
 0001:00027740       ?importJson@JsonRequest@@UAE_NPBD@Z 00428740 f   WebApi:JsonRequest.obj
 0001:000278b0       ??0JsonImporter@@IAE@PBD@Z 004288b0 f   WebApi:JsonImporter.obj
 0001:000279a0       ??_EJsonImporter@@UAEPAXI@Z 004289a0 f i * CIL library *:* CIL module *
 0001:000279a0       ??_GJsonImporter@@UAEPAXI@Z 004289a0 f i WebApi:JsonImporter.obj
 0001:000279d0       ?create@JsonImporter@@UBEPAVJsonValue@@XZ 004289d0 f   WebApi:JsonImporter.obj
 0001:00027a60       ?__autoclassinit2@JsonImporter@@QAEXI@Z 00428a60 f i WebApi:JsonImporter.obj
 0001:00027a80       ??1JsonImporter@@UAE@XZ    00428a80 f   WebApi:JsonImporter.obj
 0001:00027b20       ?importItems@JsonImporter@@SAPAVJsonObject@@PBD@Z 00428b20 f   WebApi:JsonImporter.obj
 0001:00027bc0       ?doImportItems@JsonImporter@@IAEPAVJsonObject@@PBD@Z 00428bc0 f   WebApi:JsonImporter.obj
 0001:00027e20       ??0JsonRequestParams@@QAE@PBD@Z 00428e20 f   WebApi:JsonRequestParams.obj
 0001:00027e60       ??_GJsonRequestParams@@UAEPAXI@Z 00428e60 f i WebApi:JsonRequestParams.obj
 0001:00027e60       ??_EJsonRequestParams@@UAEPAXI@Z 00428e60 f i * CIL library *:* CIL module *
 0001:00027ed0       ?create@JsonRequestParams@@UBEPAVJsonValue@@XZ 00428ed0 f   WebApi:JsonRequestParams.obj
 0001:00027f80       ??1JsonRequestParams@@UAE@XZ 00428f80 f   WebApi:JsonRequestParams.obj
 0001:00027fe0       ?release@JsonRequestParams@@IAEXXZ 00428fe0 f   WebApi:JsonRequestParams.obj
 0001:00028070       ?insert@JsonRequestParams@@QAE_NU_NAMED_ENUM@@PBD@Z 00429070 f   WebApi:JsonRequestParams.obj
 0001:000281b0       ?insert@JsonRequestParams@@QAE_NU_NAMED_ENUM@@H@Z 004291b0 f   WebApi:JsonRequestParams.obj
 0001:00028280       ?insert@JsonRequestParams@@QAE_NU_NAMED_ENUM@@_N@Z 00429280 f   WebApi:JsonRequestParams.obj
 0001:00028340       ?insert@JsonRequestParams@@QAE_NU_NAMED_ENUM@@PBVJsonObject@@@Z 00429340 f   WebApi:JsonRequestParams.obj
 0001:00028390       ?insert@JsonRequestParams@@IAE_NAAU_JSON_FIELD@@@Z 00429390 f   WebApi:JsonRequestParams.obj
 0001:00028430       ?importJson@JsonRequestParams@@UAE_NPBD@Z 00429430 f   WebApi:JsonRequestParams.obj
 0001:000289a0       ??0JsonRequestFields@@QAE@PBD@Z 004299a0 f   WebApi:JsonRequestFields.obj
 0001:000289f0       ??_GJsonRequestFields@@UAEPAXI@Z 004299f0 f i WebApi:JsonRequestFields.obj
 0001:000289f0       ??_EJsonRequestFields@@UAEPAXI@Z 004299f0 f i * CIL library *:* CIL module *
 0001:00028a70       ?create@JsonRequestFields@@UAEPAVJsonValue@@XZ 00429a70 f   WebApi:JsonRequestFields.obj
 0001:00028b30       ?__autoclassinit2@JsonRequestFields@@QAEXI@Z 00429b30 f i WebApi:JsonRequestFields.obj
 0001:00028b50       ??1JsonRequestFields@@UAE@XZ 00429b50 f   WebApi:JsonRequestFields.obj
 0001:00028bc0       ?getStrobeId@ProgramRecord@@SAHXZ 00429bc0 f i WebApi:ProgramRecord.obj
 0001:00028bd0       ?lock@ProgramRecord@@KAXXZ 00429bd0 f   WebApi:ProgramRecord.obj
 0001:00028c00       ?unlock@ProgramRecord@@KAXXZ 00429c00 f   WebApi:ProgramRecord.obj
 0001:00028c10       ??0ProgramRecord@@IAE@XZ   00429c10 f   WebApi:ProgramRecord.obj
 0001:00028c90       ??_EProgramRecord@@UAEPAXI@Z 00429c90 f i * CIL library *:* CIL module *
 0001:00028c90       ??_GProgramRecord@@UAEPAXI@Z 00429c90 f i WebApi:ProgramRecord.obj
 0001:00028cd0       ??0ProgramRecord@@IAE@H@Z  00429cd0 f   WebApi:ProgramRecord.obj
 0001:00028d90       ??1ProgramRecord@@UAE@XZ   00429d90 f   WebApi:ProgramRecord.obj
 0001:00028db0       ?init@ProgramRecord@@IAEXXZ 00429db0 f   WebApi:ProgramRecord.obj
 0001:00028df0       ?query@ProgramRecord@@SAPAVRecord@@PBDAAVParseError@@@Z 00429df0 f   WebApi:ProgramRecord.obj
 0001:00028e90       ?update@ProgramRecord@@SAPAVRecord@@PBDAAVParseError@@@Z 00429e90 f   WebApi:ProgramRecord.obj
 0001:00028f50       ?deleteRec@ProgramRecord@@SAPAVRecord@@PBDAAVParseError@@@Z 00429f50 f   WebApi:ProgramRecord.obj
 0001:00029060       ?get@ProgramRecord@@UAEPAXPBD@Z 0042a060 f   WebApi:ProgramRecord.obj
 0001:00029090       ?insert@ProgramRecord@@SAPAVRecord@@PBDAAVParseError@@@Z 0042a090 f   WebApi:ProgramRecord.obj
 0001:00029190       ?fromRecNo@ProgramRecord@@MBEPAVRecord@@H@Z 0042a190 f   WebApi:ProgramRecord.obj
 0001:00029220       ?getRecCount@ProgramRecord@@MBEHXZ 0042a220 f   WebApi:ProgramRecord.obj
 0001:00029240       ?get@ProgramRecord@@MBEPAXHAAW4ColumnType@Record@@@Z 0042a240 f   WebApi:ProgramRecord.obj
 0001:000292e0       ?set@ProgramRecord@@UAE_NPBDPAX@Z 0042a2e0 f   WebApi:ProgramRecord.obj
 0001:00029300       ?columnNo@ProgramRecord@@MBEHPBD@Z 0042a300 f   WebApi:ProgramRecord.obj
 0001:00029360       ?columnName@ProgramRecord@@MBEPBDH@Z 0042a360 f   WebApi:ProgramRecord.obj
 0001:000293a0       ?columnType@ProgramRecord@@MBE?AW4ColumnType@Record@@H@Z 0042a3a0 f   WebApi:ProgramRecord.obj
 0001:000293e0       ?set@ProgramRecord@@MAE_NHPAX@Z 0042a3e0 f   WebApi:ProgramRecord.obj
 0001:00029470       ?closeTable@ProgramRecord@@KAXXZ 0042a470 f   WebApi:ProgramRecord.obj
 0001:000294f0       ?doOpenTable@ProgramRecord@@MAEXXZ 0042a4f0 f   WebApi:ProgramRecord.obj
 0001:00029500       ?openTable@ProgramRecord@@KAXI_N0@Z 0042a500 f   WebApi:ProgramRecord.obj
 0001:00029740       ?release@ProgramRecord@@SAXXZ 0042a740 f   WebApi:ProgramRecord.obj
 0001:00029790       ?upgradeTable@ProgramRecord@@KAXXZ 0042a790 f   WebApi:ProgramRecord.obj
 0001:00029e10       ?save@ProgramRecord@@UAE_NXZ 0042ae10 f   WebApi:ProgramRecord.obj
 0001:00029ea0       ?isDeleted@ProgramRecord@@MBE_NXZ 0042aea0 f   WebApi:ProgramRecord.obj
 0001:00029eb0       ?isDeleted@ProgramRecord@@MBE_NH@Z 0042aeb0 f   WebApi:ProgramRecord.obj
 0001:00029ee0       ?syncWithKemo@ProgramRecord@@SA_NAAHAA_N@Z 0042aee0 f   WebApi:ProgramRecord.obj
 0001:0002a120       ?syncWithKemo@ProgramRecord@@UAE_NXZ 0042b120 f   WebApi:ProgramRecord.obj
 0001:0002a700       ?zeroHandles@ProgramRecord@@KAX_N@Z 0042b700 f   WebApi:ProgramRecord.obj
 0001:0002a750       ?initHandles@ProgramRecord@@SAXXZ 0042b750 f   WebApi:ProgramRecord.obj
 0001:0002a7f0       ?setModified@ProgramRecord@@IAE_NXZ 0042b7f0 f   WebApi:ProgramRecord.obj
 0001:0002a820       ?resetModified@ProgramRecord@@IAE_NXZ 0042b820 f   WebApi:ProgramRecord.obj
 0001:0002a850       ?setModified@ProgramRecord@@SA_NH@Z 0042b850 f   WebApi:ProgramRecord.obj
 0001:0002a980       ?resetModified@ProgramRecord@@SA_NH@Z 0042b980 f   WebApi:ProgramRecord.obj
 0001:0002aab0       ?deleteKemosabePrograms@ProgramRecord@@KAXXZ 0042bab0 f   WebApi:ProgramRecord.obj
 0001:0002acd0       ?hasSync@ZoneRecord@@IAE_NXZ 0042bcd0 f i WebApi:ZoneRecord.obj
 0001:0002ace0       ?lock@ZoneRecord@@KAXXZ    0042bce0 f   WebApi:ZoneRecord.obj
 0001:0002ad10       ?unlock@ZoneRecord@@KAXXZ  0042bd10 f   WebApi:ZoneRecord.obj
 0001:0002ad20       ??0ZoneRecord@@IAE@XZ      0042bd20 f   WebApi:ZoneRecord.obj
 0001:0002ada0       ??_GZoneRecord@@UAEPAXI@Z  0042bda0 f i WebApi:ZoneRecord.obj
 0001:0002ada0       ??_EZoneRecord@@UAEPAXI@Z  0042bda0 f i * CIL library *:* CIL module *
 0001:0002ade0       ??0ZoneRecord@@IAE@H@Z     0042bde0 f   WebApi:ZoneRecord.obj
 0001:0002aea0       ??1ZoneRecord@@UAE@XZ      0042bea0 f   WebApi:ZoneRecord.obj
 0001:0002aec0       ?init@ZoneRecord@@IAEXXZ   0042bec0 f   WebApi:ZoneRecord.obj
 0001:0002af00       ?query@ZoneRecord@@SAPAVRecord@@PBDAAVParseError@@@Z 0042bf00 f   WebApi:ZoneRecord.obj
 0001:0002af90       ?insert@ZoneRecord@@SAPAVRecord@@PBDAAVParseError@@@Z 0042bf90 f   WebApi:ZoneRecord.obj
 0001:0002b070       ?fromRecNo@ZoneRecord@@MBEPAVRecord@@H@Z 0042c070 f   WebApi:ZoneRecord.obj
 0001:0002b100       ?getRecCount@ZoneRecord@@MBEHXZ 0042c100 f   WebApi:ZoneRecord.obj
 0001:0002b120       ?get@ZoneRecord@@UAEPAXPBD@Z 0042c120 f   WebApi:ZoneRecord.obj
 0001:0002b150       ?get@ZoneRecord@@MBEPAXHAAW4ColumnType@Record@@@Z 0042c150 f   WebApi:ZoneRecord.obj
 0001:0002b570       ?set@ZoneRecord@@UAE_NPBDPAX@Z 0042c570 f   WebApi:ZoneRecord.obj
 0001:0002b590       ?columnNo@ZoneRecord@@MBEHPBD@Z 0042c590 f   WebApi:ZoneRecord.obj
 0001:0002b5f0       ?columnName@ZoneRecord@@MBEPBDH@Z 0042c5f0 f   WebApi:ZoneRecord.obj
 0001:0002b630       ?columnType@ZoneRecord@@MBE?AW4ColumnType@Record@@H@Z 0042c630 f   WebApi:ZoneRecord.obj
 0001:0002b670       ?set@ZoneRecord@@MAE_NHPAX@Z 0042c670 f   WebApi:ZoneRecord.obj
 0001:0002bae0       ?closeTable@ZoneRecord@@KAXXZ 0042cae0 f   WebApi:ZoneRecord.obj
 0001:0002bb60       ?doOpenTable@ZoneRecord@@MAEXXZ 0042cb60 f   WebApi:ZoneRecord.obj
 0001:0002bb70       ?openTable@ZoneRecord@@KAXI_N0@Z 0042cb70 f   WebApi:ZoneRecord.obj
 0001:0002bd80       ?update@ZoneRecord@@SAPAVRecord@@PBDAAVParseError@@@Z 0042cd80 f   WebApi:ZoneRecord.obj
 0001:0002be20       ?deleteRec@ZoneRecord@@SAPAVRecord@@PBDAAVParseError@@@Z 0042ce20 f   WebApi:ZoneRecord.obj
 0001:0002bf90       ?release@ZoneRecord@@SAXXZ 0042cf90 f   WebApi:ZoneRecord.obj
 0001:0002bfe0       ?importKemosabe@ZoneRecord@@KAXXZ 0042cfe0 f   WebApi:ZoneRecord.obj
 0001:0002c000       ?save@ZoneRecord@@UAE_NXZ  0042d000 f   WebApi:ZoneRecord.obj
 0001:0002c090       ?upgradeTable@ZoneRecord@@KAXXZ 0042d090 f   WebApi:ZoneRecord.obj
 0001:0002cc30       ?isDeleted@ZoneRecord@@MBE_NXZ 0042dc30 f   WebApi:ZoneRecord.obj
 0001:0002cc40       ?isDeleted@ZoneRecord@@MBE_NH@Z 0042dc40 f   WebApi:ZoneRecord.obj
 0001:0002cc70       ?syncWithKemo@ZoneRecord@@SA_NAAHAA_N@Z 0042dc70 f   WebApi:ZoneRecord.obj
 0001:0002d080       ?syncWithKemo@ZoneRecord@@UAE_NXZ 0042e080 f   WebApi:ZoneRecord.obj
 0001:0002d6f0       ?zeroHandles@ZoneRecord@@KAX_N@Z 0042e6f0 f   WebApi:ZoneRecord.obj
 0001:0002d750       ?initHandles@ZoneRecord@@SAXXZ 0042e750 f   WebApi:ZoneRecord.obj
 0001:0002d800       ?syncOverrideId@ZoneRecord@@IAE_NXZ 0042e800 f   WebApi:ZoneRecord.obj
 0001:0002db40       ?syncScheduledId@ZoneRecord@@IAE_NXZ 0042eb40 f   WebApi:ZoneRecord.obj
 0001:0002de80       ?syncSleepMode@ZoneRecord@@IAE_NXZ 0042ee80 f   WebApi:ZoneRecord.obj
 0001:0002e0e0       ?syncStatus@ZoneRecord@@IAE_NXZ 0042f0e0 f   WebApi:ZoneRecord.obj
 0001:0002e340       ?hasSync@FixtureRecord@@IAE_NXZ 0042f340 f i WebApi:FixtureRecord.obj
 0001:0002e350       ?lock@FixtureRecord@@KAXXZ 0042f350 f   WebApi:FixtureRecord.obj
 0001:0002e380       ?unlock@FixtureRecord@@KAXXZ 0042f380 f   WebApi:FixtureRecord.obj
 0001:0002e390       ??0FixtureRecord@@IAE@XZ   0042f390 f   WebApi:FixtureRecord.obj
 0001:0002e410       ??_EFixtureRecord@@UAEPAXI@Z 0042f410 f i * CIL library *:* CIL module *
 0001:0002e410       ??_GFixtureRecord@@UAEPAXI@Z 0042f410 f i WebApi:FixtureRecord.obj
 0001:0002e450       ??0FixtureRecord@@IAE@H@Z  0042f450 f   WebApi:FixtureRecord.obj
 0001:0002e510       ??1FixtureRecord@@UAE@XZ   0042f510 f   WebApi:FixtureRecord.obj
 0001:0002e540       ?init@FixtureRecord@@IAEXXZ 0042f540 f   WebApi:FixtureRecord.obj
 0001:0002e580       ?query@FixtureRecord@@SAPAVRecord@@PBDAAVParseError@@@Z 0042f580 f   WebApi:FixtureRecord.obj
 0001:0002e610       ?insert@FixtureRecord@@SAPAVRecord@@PBDAAVParseError@@@Z 0042f610 f   WebApi:FixtureRecord.obj
 0001:0002e6f0       ?fromRecNo@FixtureRecord@@MBEPAVRecord@@H@Z 0042f6f0 f   WebApi:FixtureRecord.obj
 0001:0002e780       ?getRecCount@FixtureRecord@@MBEHXZ 0042f780 f   WebApi:FixtureRecord.obj
 0001:0002e7a0       ?get@FixtureRecord@@UAEPAXPBD@Z 0042f7a0 f   WebApi:FixtureRecord.obj
 0001:0002e7d0       ?get@FixtureRecord@@MBEPAXHAAW4ColumnType@Record@@@Z 0042f7d0 f   WebApi:FixtureRecord.obj
 0001:0002ed30       ?set@FixtureRecord@@UAE_NPBDPAX@Z 0042fd30 f   WebApi:FixtureRecord.obj
 0001:0002ed50       ?columnNo@FixtureRecord@@MBEHPBD@Z 0042fd50 f   WebApi:FixtureRecord.obj
 0001:0002edb0       ?columnName@FixtureRecord@@MBEPBDH@Z 0042fdb0 f   WebApi:FixtureRecord.obj
 0001:0002edf0       ?columnType@FixtureRecord@@MBE?AW4ColumnType@Record@@H@Z 0042fdf0 f   WebApi:FixtureRecord.obj
 0001:0002ee30       ?set@FixtureRecord@@MAE_NHPAX@Z 0042fe30 f   WebApi:FixtureRecord.obj
 0001:0002f3b0       ?closeTable@FixtureRecord@@KAXXZ 004303b0 f   WebApi:FixtureRecord.obj
 0001:0002f430       ?doOpenTable@FixtureRecord@@MAEXXZ 00430430 f   WebApi:FixtureRecord.obj
 0001:0002f440       ?openTable@FixtureRecord@@KAXI_N0@Z 00430440 f   WebApi:FixtureRecord.obj
 0001:0002f660       ?update@FixtureRecord@@SAPAVRecord@@PBDAAVParseError@@@Z 00430660 f   WebApi:FixtureRecord.obj
 0001:0002f700       ?deleteRec@FixtureRecord@@SAPAVRecord@@PBDAAVParseError@@@Z 00430700 f   WebApi:FixtureRecord.obj
 0001:0002f870       ?release@FixtureRecord@@SAXXZ 00430870 f   WebApi:FixtureRecord.obj
 0001:0002f8c0       ?importKemosabe@FixtureRecord@@KAXXZ 004308c0 f   WebApi:FixtureRecord.obj
 0001:0002f8d0       ?upgradeTable@FixtureRecord@@KAXXZ 004308d0 f   WebApi:FixtureRecord.obj
 0001:000308a0       ?save@FixtureRecord@@UAE_NXZ 004318a0 f   WebApi:FixtureRecord.obj
 0001:00030930       ?isDeleted@FixtureRecord@@MBE_NXZ 00431930 f   WebApi:FixtureRecord.obj
 0001:00030940       ?isDeleted@FixtureRecord@@MBE_NH@Z 00431940 f   WebApi:FixtureRecord.obj
 0001:00030970       ?syncWithKemo@FixtureRecord@@SA_NAAHAA_N@Z 00431970 f   WebApi:FixtureRecord.obj
 0001:00031020       ?syncWithKemo@FixtureRecord@@UAE_NXZ 00432020 f   WebApi:FixtureRecord.obj
 0001:00031820       ?zeroHandles@FixtureRecord@@KAX_N@Z 00432820 f   WebApi:FixtureRecord.obj
 0001:00031880       ?initHandles@FixtureRecord@@SAXXZ 00432880 f   WebApi:FixtureRecord.obj
 0001:00031930       ?syncOverrideId@FixtureRecord@@IAE_NXZ 00432930 f   WebApi:FixtureRecord.obj
 0001:00031c70       ?syncScheduledId@FixtureRecord@@IAE_NXZ 00432c70 f   WebApi:FixtureRecord.obj
 0001:00031fc0       ?syncStatus@FixtureRecord@@IAE_NXZ 00432fc0 f   WebApi:FixtureRecord.obj
 0001:00032220       ?syncZoneId@FixtureRecord@@IAE_NXZ 00433220 f   WebApi:FixtureRecord.obj
 0001:00032530       ?syncSn@FixtureRecord@@IAE_NXZ 00433530 f   WebApi:FixtureRecord.obj
 0001:00032750       ?syncFaults@FixtureRecord@@IAE_NHHH@Z 00433750 f   WebApi:FixtureRecord.obj
 0001:00032a20       ?syncSleepMode@FixtureRecord@@IAE_NXZ 00433a20 f   WebApi:FixtureRecord.obj
 0001:00032c40       ?hasSync@SensorRecord@@IAE_NXZ 00433c40 f i WebApi:SensorRecord.obj
 0001:00032c50       ?lock@SensorRecord@@KAXXZ  00433c50 f   WebApi:SensorRecord.obj
 0001:00032c80       ?unlock@SensorRecord@@KAXXZ 00433c80 f   WebApi:SensorRecord.obj
 0001:00032c90       ??0SensorRecord@@IAE@XZ    00433c90 f   WebApi:SensorRecord.obj
 0001:00032d10       ??_GSensorRecord@@UAEPAXI@Z 00433d10 f i WebApi:SensorRecord.obj
 0001:00032d10       ??_ESensorRecord@@UAEPAXI@Z 00433d10 f i * CIL library *:* CIL module *
 0001:00032d50       ??0SensorRecord@@IAE@H@Z   00433d50 f   WebApi:SensorRecord.obj
 0001:00032e10       ??1SensorRecord@@UAE@XZ    00433e10 f   WebApi:SensorRecord.obj
 0001:00032e40       ?init@SensorRecord@@IAEXXZ 00433e40 f   WebApi:SensorRecord.obj
 0001:00032e80       ?query@SensorRecord@@SAPAVRecord@@PBDAAVParseError@@@Z 00433e80 f   WebApi:SensorRecord.obj
 0001:00032f10       ?insert@SensorRecord@@SAPAVRecord@@PBDAAVParseError@@@Z 00433f10 f   WebApi:SensorRecord.obj
 0001:00032ff0       ?fromRecNo@SensorRecord@@MBEPAVRecord@@H@Z 00433ff0 f   WebApi:SensorRecord.obj
 0001:00033080       ?getRecCount@SensorRecord@@MBEHXZ 00434080 f   WebApi:SensorRecord.obj
 0001:000330a0       ?get@SensorRecord@@UAEPAXPBD@Z 004340a0 f   WebApi:SensorRecord.obj
 0001:000330d0       ?get@SensorRecord@@MBEPAXHAAW4ColumnType@Record@@@Z 004340d0 f   WebApi:SensorRecord.obj
 0001:000334c0       ?set@SensorRecord@@UAE_NPBDPAX@Z 004344c0 f   WebApi:SensorRecord.obj
 0001:000334e0       ?columnNo@SensorRecord@@MBEHPBD@Z 004344e0 f   WebApi:SensorRecord.obj
 0001:00033540       ?columnName@SensorRecord@@MBEPBDH@Z 00434540 f   WebApi:SensorRecord.obj
 0001:00033580       ?columnType@SensorRecord@@MBE?AW4ColumnType@Record@@H@Z 00434580 f   WebApi:SensorRecord.obj
 0001:000335c0       ?set@SensorRecord@@MAE_NHPAX@Z 004345c0 f   WebApi:SensorRecord.obj
 0001:00033970       ?closeTable@SensorRecord@@KAXXZ 00434970 f   WebApi:SensorRecord.obj
 0001:000339f0       ?doOpenTable@SensorRecord@@MAEXXZ 004349f0 f   WebApi:SensorRecord.obj
 0001:00033a00       ?openTable@SensorRecord@@KAXI_N0@Z 00434a00 f   WebApi:SensorRecord.obj
 0001:00033c10       ?update@SensorRecord@@SAPAVRecord@@PBDAAVParseError@@@Z 00434c10 f   WebApi:SensorRecord.obj
 0001:00033cb0       ?deleteRec@SensorRecord@@SAPAVRecord@@PBDAAVParseError@@@Z 00434cb0 f   WebApi:SensorRecord.obj
 0001:00033e20       ?release@SensorRecord@@SAXXZ 00434e20 f   WebApi:SensorRecord.obj
 0001:00033e70       ?importKemosabe@SensorRecord@@KAXXZ 00434e70 f   WebApi:SensorRecord.obj
 0001:00033e80       ?upgradeTable@SensorRecord@@KAXXZ 00434e80 f   WebApi:SensorRecord.obj
 0001:00034190       ?save@SensorRecord@@UAE_NXZ 00435190 f   WebApi:SensorRecord.obj
 0001:00034220       ?isDeleted@SensorRecord@@MBE_NXZ 00435220 f   WebApi:SensorRecord.obj
 0001:00034230       ?isDeleted@SensorRecord@@MBE_NH@Z 00435230 f   WebApi:SensorRecord.obj
 0001:00034260       ?syncWithKemo@SensorRecord@@SA_NAAHAA_N@Z 00435260 f   WebApi:SensorRecord.obj
 0001:00034910       ?syncWithKemo@SensorRecord@@UAE_NXZ 00435910 f   WebApi:SensorRecord.obj
 0001:00035040       ?zeroHandles@SensorRecord@@KAX_N@Z 00436040 f   WebApi:SensorRecord.obj
 0001:00035090       ?initHandles@SensorRecord@@SAXXZ 00436090 f   WebApi:SensorRecord.obj
 0001:00035130       ?syncStatus@SensorRecord@@IAE_NXZ 00436130 f   WebApi:SensorRecord.obj
 0001:00035390       ?syncSn@SensorRecord@@IAE_NXZ 00436390 f   WebApi:SensorRecord.obj
 0001:000355b0       ?syncFaults@SensorRecord@@IAE_NHHH@Z 004365b0 f   WebApi:SensorRecord.obj
 0001:00035870       ?lock@UserRecord@@KAXXZ    00436870 f   WebApi:UserRecord.obj
 0001:000358a0       ?unlock@UserRecord@@KAXXZ  004368a0 f   WebApi:UserRecord.obj
 0001:000358b0       ??0UserRecord@@IAE@XZ      004368b0 f   WebApi:UserRecord.obj
 0001:00035930       ??_GUserRecord@@UAEPAXI@Z  00436930 f i WebApi:UserRecord.obj
 0001:00035930       ??_EUserRecord@@UAEPAXI@Z  00436930 f i * CIL library *:* CIL module *
 0001:00035970       ??0UserRecord@@IAE@H@Z     00436970 f   WebApi:UserRecord.obj
 0001:00035a40       ??1UserRecord@@UAE@XZ      00436a40 f   WebApi:UserRecord.obj
 0001:00035a60       ?init@UserRecord@@IAEXXZ   00436a60 f   WebApi:UserRecord.obj
 0001:00035aa0       ?query@UserRecord@@SAPAVRecord@@PBDAAVParseError@@@Z 00436aa0 f   WebApi:UserRecord.obj
 0001:00035b30       ?insert@UserRecord@@SAPAVRecord@@PBDAAVParseError@@@Z 00436b30 f   WebApi:UserRecord.obj
 0001:00035c10       ?update@UserRecord@@SAPAVRecord@@PBDAAVParseError@@@Z 00436c10 f   WebApi:UserRecord.obj
 0001:00035cb0       ?deleteRec@UserRecord@@SAPAVRecord@@PBDAAVParseError@@@Z 00436cb0 f   WebApi:UserRecord.obj
 0001:00035d70       ?fromRecNo@UserRecord@@MBEPAVRecord@@H@Z 00436d70 f   WebApi:UserRecord.obj
 0001:00035e00       ?getRecCount@UserRecord@@MBEHXZ 00436e00 f   WebApi:UserRecord.obj
 0001:00035e20       ?get@UserRecord@@UAEPAXPBD@Z 00436e20 f   WebApi:UserRecord.obj
 0001:00035e50       ?get@UserRecord@@MBEPAXHAAW4ColumnType@Record@@@Z 00436e50 f   WebApi:UserRecord.obj
 0001:00035f30       ?set@UserRecord@@UAE_NPBDPAX@Z 00436f30 f   WebApi:UserRecord.obj
 0001:00035f50       ?columnNo@UserRecord@@MBEHPBD@Z 00436f50 f   WebApi:UserRecord.obj
 0001:00035fb0       ?columnName@UserRecord@@MBEPBDH@Z 00436fb0 f   WebApi:UserRecord.obj
 0001:00035ff0       ?columnType@UserRecord@@MBE?AW4ColumnType@Record@@H@Z 00436ff0 f   WebApi:UserRecord.obj
 0001:00036030       ?set@UserRecord@@MAE_NHPAX@Z 00437030 f   WebApi:UserRecord.obj
 0001:00036120       ?closeTable@UserRecord@@KAXXZ 00437120 f   WebApi:UserRecord.obj
 0001:000361a0       ?doOpenTable@UserRecord@@MAEXXZ 004371a0 f   WebApi:UserRecord.obj
 0001:000361b0       ?openTable@UserRecord@@KAXI_N0@Z 004371b0 f   WebApi:UserRecord.obj
 0001:000363c0       ?release@UserRecord@@SAXXZ 004373c0 f   WebApi:UserRecord.obj
 0001:00036410       ?save@UserRecord@@UAE_NXZ  00437410 f   WebApi:UserRecord.obj
 0001:000364a0       ?upgradeTable@UserRecord@@KAXXZ 004374a0 f   WebApi:UserRecord.obj
 0001:00036780       ?isDeleted@UserRecord@@MBE_NXZ 00437780 f   WebApi:UserRecord.obj
 0001:00036790       ?isDeleted@UserRecord@@MBE_NH@Z 00437790 f   WebApi:UserRecord.obj
 0001:000367c0       ??0JsonPosition@@QAE@PBD@Z 004377c0 f   WebApi:JsonPosition.obj
 0001:00036900       ??_GJsonPosition@@UAEPAXI@Z 00437900 f i WebApi:JsonPosition.obj
 0001:00036900       ??_EJsonPosition@@UAEPAXI@Z 00437900 f i * CIL library *:* CIL module *
 0001:00036990       ?create@JsonPosition@@UBEPAVJsonValue@@XZ 00437990 f   WebApi:JsonPosition.obj
 0001:00036a20       ?__autoclassinit2@JsonPosition@@QAEXI@Z 00437a20 f i WebApi:JsonPosition.obj
 0001:00036a40       ??1JsonPosition@@UAE@XZ    00437a40 f   WebApi:JsonPosition.obj
 0001:00036ac0       ?get@JsonPosition@@UBE_NAAH0@Z 00437ac0 f   WebApi:JsonPosition.obj
 0001:00036b30       ?set@JsonPosition@@UAE_NHH@Z 00437b30 f   WebApi:JsonPosition.obj
 0001:00036bb0       ?lock@ProgramStepRecord@@CAXXZ 00437bb0 f   WebApi:ProgramStepRecord.obj
 0001:00036be0       ?unlock@ProgramStepRecord@@CAXXZ 00437be0 f   WebApi:ProgramStepRecord.obj
 0001:00036bf0       ??0ProgramStepRecord@@IAE@XZ 00437bf0 f   WebApi:ProgramStepRecord.obj
 0001:00036c70       ??_GProgramStepRecord@@UAEPAXI@Z 00437c70 f i WebApi:ProgramStepRecord.obj
 0001:00036c70       ??_EProgramStepRecord@@UAEPAXI@Z 00437c70 f i * CIL library *:* CIL module *
 0001:00036cb0       ??0ProgramStepRecord@@IAE@H@Z 00437cb0 f   WebApi:ProgramStepRecord.obj
 0001:00036d80       ??1ProgramStepRecord@@UAE@XZ 00437d80 f   WebApi:ProgramStepRecord.obj
 0001:00036da0       ?init@ProgramStepRecord@@IAEXXZ 00437da0 f   WebApi:ProgramStepRecord.obj
 0001:00036de0       ?query@ProgramStepRecord@@SAPAVRecord@@PBDAAVParseError@@@Z 00437de0 f   WebApi:ProgramStepRecord.obj
 0001:00036e70       ?get@ProgramStepRecord@@UAEPAXPBD@Z 00437e70 f   WebApi:ProgramStepRecord.obj
 0001:00036ea0       ?insert@ProgramStepRecord@@SAPAVRecord@@PBDAAVParseError@@@Z 00437ea0 f   WebApi:ProgramStepRecord.obj
 0001:00036f90       ?update@ProgramStepRecord@@SAPAVRecord@@PBDAAVParseError@@@Z 00437f90 f   WebApi:ProgramStepRecord.obj
 0001:00037030       ?deleteRec@ProgramStepRecord@@SAPAVRecord@@PBDAAVParseError@@@Z 00438030 f   WebApi:ProgramStepRecord.obj
 0001:000370d0       ?fromRecNo@ProgramStepRecord@@MBEPAVRecord@@H@Z 004380d0 f   WebApi:ProgramStepRecord.obj
 0001:00037160       ?getRecCount@ProgramStepRecord@@MBEHXZ 00438160 f   WebApi:ProgramStepRecord.obj
 0001:00037180       ?get@ProgramStepRecord@@MBEPAXHAAW4ColumnType@Record@@@Z 00438180 f   WebApi:ProgramStepRecord.obj
 0001:000372b0       ?set@ProgramStepRecord@@UAE_NPBDPAX@Z 004382b0 f   WebApi:ProgramStepRecord.obj
 0001:000372d0       ?columnNo@ProgramStepRecord@@MBEHPBD@Z 004382d0 f   WebApi:ProgramStepRecord.obj
 0001:00037330       ?columnName@ProgramStepRecord@@MBEPBDH@Z 00438330 f   WebApi:ProgramStepRecord.obj
 0001:00037370       ?columnType@ProgramStepRecord@@MBE?AW4ColumnType@Record@@H@Z 00438370 f   WebApi:ProgramStepRecord.obj
 0001:000373b0       ?set@ProgramStepRecord@@MAE_NHPAX@Z 004383b0 f   WebApi:ProgramStepRecord.obj
 0001:000374b0       ?closeTable@ProgramStepRecord@@KAXXZ 004384b0 f   WebApi:ProgramStepRecord.obj
 0001:00037530       ?doOpenTable@ProgramStepRecord@@MAEXXZ 00438530 f   WebApi:ProgramStepRecord.obj
[...]
 0002:0001307c       __ehfuncinfo$?insert@MapRecord@@SAPAVRecord@@PBDAAVParseError@@@Z 0048607c     * CIL library *:* CIL module *
 0002:000130a0       __unwindtable$?fromRecNo@MapRecord@@MBEPAVRecord@@H@Z 004860a0     * CIL library *:* CIL module *
 0002:000130a8       __ehfuncinfo$?fromRecNo@MapRecord@@MBEPAVRecord@@H@Z 004860a8     * CIL library *:* CIL module *
 0002:000130cc       __unwindtable$?update@MapRecord@@SAPAVRecord@@PBDAAVParseError@@@Z 004860cc     * CIL library *:* CIL module *
 0002:000130d4       __ehfuncinfo$?update@MapRecord@@SAPAVRecord@@PBDAAVParseError@@@Z 004860d4     * CIL library *:* CIL module *
 0002:000130f8       __unwindtable$?deleteRec@MapRecord@@SAPAVRecord@@PBDAAVParseError@@@Z 004860f8     * CIL library *:* CIL module *
 0002:00013100       __ehfuncinfo$?deleteRec@MapRecord@@SAPAVRecord@@PBDAAVParseError@@@Z 00486100     * CIL library *:* CIL module *
 0002:00013124       __ehfuncinfo$??0JsonSensor@@QAE@PBD@Z 00486124     * CIL library *:* CIL module *
 0002:00013148       __unwindtable$??0JsonSensor@@QAE@PBD@Z 00486148     * CIL library *:* CIL module *
 0002:000131e8       __unwindtable$?create@JsonSensor@@UBEPAVJsonValue@@XZ 004861e8     * CIL library *:* CIL module *
 0002:000131f0       __ehfuncinfo$?create@JsonSensor@@UBEPAVJsonValue@@XZ 004861f0     * CIL library *:* CIL module *
 0002:00013214       __ehfuncinfo$??1JsonSensor@@UAE@XZ 00486214     * CIL library *:* CIL module *
 0002:00013238       __unwindtable$??1JsonSensor@@UAE@XZ 00486238     * CIL library *:* CIL module *
 0002:000132e0       __unwindtable$??0JsonValueRequestOp@@QAE@PBD@Z 004862e0     * CIL library *:* CIL module *
 0002:000132e8       __ehfuncinfo$??0JsonValueRequestOp@@QAE@PBD@Z 004862e8     * CIL library *:* CIL module *
 0002:0001330c       __unwindtable$?create@JsonValueRequestOp@@UBEPAVJsonValue@@XZ 0048630c     * CIL library *:* CIL module *
 0002:0001331c       __ehfuncinfo$?create@JsonValueRequestOp@@UBEPAVJsonValue@@XZ 0048631c     * CIL library *:* CIL module *
 0002:00013340       __unwindtable$??0JsonValueRequestType@@QAE@PBD@Z 00486340     * CIL library *:* CIL module *
 0002:00013348       __ehfuncinfo$??0JsonValueRequestType@@QAE@PBD@Z 00486348     * CIL library *:* CIL module *
 0002:0001336c       __unwindtable$?create@JsonValueRequestType@@UBEPAVJsonValue@@XZ 0048636c     * CIL library *:* CIL module *
 0002:0001337c       __ehfuncinfo$?create@JsonValueRequestType@@UBEPAVJsonValue@@XZ 0048637c     * CIL library *:* CIL module *
 0002:000133a0       __unwindtable$??0JsonValueRequestItem@@QAE@PBD@Z 004863a0     * CIL library *:* CIL module *
 0002:000133a8       __ehfuncinfo$??0JsonValueRequestItem@@QAE@PBD@Z 004863a8     * CIL library *:* CIL module *
 0002:000133cc       __unwindtable$?create@JsonValueRequestItem@@UBEPAVJsonValue@@XZ 004863cc     * CIL library *:* CIL module *
 0002:000133dc       __ehfuncinfo$?create@JsonValueRequestItem@@UBEPAVJsonValue@@XZ 004863dc     * CIL library *:* CIL module *
 0002:00013400       __ehfuncinfo$??0JsonProgram@@QAE@PBD@Z 00486400     * CIL library *:* CIL module *
 0002:00013424       __unwindtable$??0JsonProgram@@QAE@PBD@Z 00486424     * CIL library *:* CIL module *
 0002:00013454       __unwindtable$?create@JsonProgram@@UBEPAVJsonValue@@XZ 00486454     * CIL library *:* CIL module *
 0002:0001345c       __ehfuncinfo$?create@JsonProgram@@UBEPAVJsonValue@@XZ 0048645c     * CIL library *:* CIL module *
 0002:00013480       __ehfuncinfo$??1JsonProgram@@UAE@XZ 00486480     * CIL library *:* CIL module *
 0002:000134a4       __unwindtable$??1JsonProgram@@UAE@XZ 004864a4     * CIL library *:* CIL module *
 0002:000134cc       __ehfuncinfo$??0JsonController@@QAE@PBD@Z 004864cc     * CIL library *:* CIL module *
 0002:000134f0       __unwindtable$??0JsonController@@QAE@PBD@Z 004864f0     * CIL library *:* CIL module *
 0002:00013580       __unwindtable$?create@JsonController@@UBEPAVJsonValue@@XZ 00486580     * CIL library *:* CIL module *
 0002:00013588       __ehfuncinfo$?create@JsonController@@UBEPAVJsonValue@@XZ 00486588     * CIL library *:* CIL module *
 0002:000135ac       __ehfuncinfo$??1JsonController@@UAE@XZ 004865ac     * CIL library *:* CIL module *
 0002:000135d0       __unwindtable$??1JsonController@@UAE@XZ 004865d0     * CIL library *:* CIL module *
 0002:00013648       __ehfuncinfo$??0JsonFixture@@QAE@PBD@Z 00486648     * CIL library *:* CIL module *
 0002:0001366c       __unwindtable$??0JsonFixture@@QAE@PBD@Z 0048666c     * CIL library *:* CIL module *
 0002:0001373c       __unwindtable$?create@JsonFixture@@UBEPAVJsonValue@@XZ 0048673c     * CIL library *:* CIL module *
 0002:00013744       __ehfuncinfo$?create@JsonFixture@@UBEPAVJsonValue@@XZ 00486744     * CIL library *:* CIL module *
 0002:00013768       __ehfuncinfo$??1JsonFixture@@UAE@XZ 00486768     * CIL library *:* CIL module *
 0002:0001378c       __unwindtable$??1JsonFixture@@UAE@XZ 0048678c     * CIL library *:* CIL module *
 0002:00013854       __ehfuncinfo$??0JsonZone@@QAE@PBD@Z 00486854     * CIL library *:* CIL module *
 0002:00013878       __unwindtable$??0JsonZone@@QAE@PBD@Z 00486878     * CIL library *:* CIL module *
 0002:000138e8       __unwindtable$?create@JsonZone@@UBEPAVJsonValue@@XZ 004868e8     * CIL library *:* CIL module *
 0002:000138f0       __ehfuncinfo$?create@JsonZone@@UBEPAVJsonValue@@XZ 004868f0     * CIL library *:* CIL module *
 0002:00013914       __ehfuncinfo$??1JsonZone@@UAE@XZ 00486914     * CIL library *:* CIL module *
 0002:00013938       __unwindtable$??1JsonZone@@UAE@XZ 00486938     * CIL library *:* CIL module *
 0002:000139a0       __unwindtable$??0kProgramStep@@QAE@PBDHHHHHHW4ProgramStepMode@JsonValueProgramStepMode@@_N@Z 004869a0     * CIL library *:* CIL module *
 0002:000139a8       __ehfuncinfo$??0kProgramStep@@QAE@PBDHHHHHHW4ProgramStepMode@JsonValueProgramStepMode@@_N@Z 004869a8     * CIL library *:* CIL module *
 0002:000139cc       __unwindtable$?jpsFromProgram@kProgramStep@@SAPAVJsonProgramStep@@H@Z 004869cc     * CIL library *:* CIL module *
 0002:000139ec       __ehfuncinfo$?jpsFromProgram@kProgramStep@@SAPAVJsonProgramStep@@H@Z 004869ec     * CIL library *:* CIL module *
 0002:00013a10       __unwindtable$??0JsonProgramStep@@QAE@PBD@Z 00486a10     * CIL library *:* CIL module *
 0002:00013a28       __ehfuncinfo$??0JsonProgramStep@@QAE@PBD@Z 00486a28     * CIL library *:* CIL module *
 0002:00013a4c       __unwindtable$?create@JsonProgramStep@@UBEPAVJsonValue@@XZ 00486a4c     * CIL library *:* CIL module *
 0002:00013a54       __ehfuncinfo$?create@JsonProgramStep@@UBEPAVJsonValue@@XZ 00486a54     * CIL library *:* CIL module *
 0002:00013a78       __ehfuncinfo$??1JsonProgramStep@@UAE@XZ 00486a78     * CIL library *:* CIL module *
 0002:00013a9c       __unwindtable$??1JsonProgramStep@@UAE@XZ 00486a9c     * CIL library *:* CIL module *
 0002:00013ac8       __sehtable$_doexit         00486ac8     LIBCMT:crt0dat.obj
 0002:00013ae8       __sehtable$_fprintf        00486ae8     LIBCMT:fprintf.obj
 0002:00013b08       __sehtable$_printf         00486b08     LIBCMT:printf.obj
 0002:00013b28       __sehtable$___tmainCRTStartup 00486b28     LIBCMT:crt0.obj
 0002:00013b98       __sehtable$__onexit        00486b98     LIBCMT:onexit.obj
 0002:00013bb8       __sehtable$??_M@YGXPAXIHP6EX0@Z@Z 00486bb8     LIBCMT:ehvecdtr.obj
 0002:00013bd8       __sehtable$?__ArrayUnwind@@YGXPAXIHP6EX0@Z@Z 00486bd8     LIBCMT:ehvecdtr.obj
 0002:00013bf8       __sehtable$__tzset         00486bf8     LIBCMT:tzset.obj
 0002:00013c18       __sehtable$__isindst       00486c18     LIBCMT:tzset.obj
 0002:00013c38       __sehtable$___tzset        00486c38     LIBCMT:tzset.obj
 0002:00013c58       __sehtable$__tzset_nolock  00486c58     LIBCMT:tzset.obj
 0002:00013c78       __sehtable$__mtinitlocknum 00486c78     LIBCMT:mlock.obj
 0002:00013c98       __sehtable$__IsNonwritableInCurrentImage 00486c98     LIBCMT:pesect.obj
 0002:00013cb8       __sehtable$?terminate@@YAXXZ 00486cb8     LIBCMT:hooks.obj
 0002:00013cd8       __sehtable$?_inconsistency@@YAXXZ 00486cd8     LIBCMT:hooks.obj
 0002:00013cf8       __sehtable$_signal         00486cf8     LIBCMT:winsig.obj
 0002:00013d18       __sehtable$_raise          00486d18     LIBCMT:winsig.obj
 0002:00013d38       __sehtable$_ctrlevent_capture@4 00486d38     LIBCMT:winsig.obj
 0002:00013d58       __sehtable$___updatetmbcinfo 00486d58     LIBCMT:mbctype.obj
 0002:00013d78       __sehtable$__setmbcp       00486d78     LIBCMT:mbctype.obj
 0002:00013d98       __sehtable$__fcloseall     00486d98     LIBCMT:closeall.obj
 0002:00013db8       __sehtable$_fflush         00486db8     LIBCMT:fflush.obj
 0002:00013dd8       __sehtable$_flsall         00486dd8     LIBCMT:fflush.obj
 0002:00013e00       __sehtable$_vfprintf_helper 00486e00     LIBCMT:vfprintf.obj
 0002:00013e20       __sehtable$__ioinit        00486e20     LIBCMT:ioinit.obj
 0002:00013e40       __sehtable$_vprintf_helper 00486e40     LIBCMT:vprintf.obj
 0002:00013e60       __sehtable$__freefls@4     00486e60     LIBCMT:tidtable.obj
 0002:00013e88       __sehtable$__initptd       00486e88     LIBCMT:tidtable.obj
 0002:00013eb0       __sehtable$___updatetlocinfo 00486eb0     LIBCMT:localref.obj
 0002:00013ed0       __sehtable$__get_current_locale 00486ed0     LIBCMT:wsetloca.obj
 0002:00013ef8       __sehtable$__free_locale   00486ef8     LIBCMT:wsetloca.obj
 0002:00013f20       __sehtable$__wsetlocale    00486f20     LIBCMT:wsetloca.obj
 0002:00013f58       __sehtable$__locterm       00486f58     LIBCMT:wsetloca.obj
 0002:00013f78       __sehtable$?_Name_base@type_info@@CAPBDPBV1@PAU__type_info_node@@@Z 00486f78     LIBCMT:typname.obj
 0002:00013f98       __sehtable$?_Type_info_dtor@type_info@@CAXPAV1@@Z 00486f98     LIBCMT:typname.obj
 0002:00013fb8       __sehtable$?_Name_base_internal@type_info@@CAPBDPBV1@PAU__type_info_node@@@Z 00486fb8     LIBCMT:typname.obj
 0002:00013fd8       __sehtable$?_Type_info_dtor_internal@type_info@@CAXPAV1@@Z 00486fd8     LIBCMT:typname.obj
 0002:00013ff8       __sehtable$___clean_type_info_names_internal 00486ff8     LIBCMT:typname.obj
 0002:00014018       __sehtable$_getenv         00487018     LIBCMT:getenv.obj
 0002:00014038       __sehtable$_getenv_s       00487038     LIBCMT:getenv.obj
 0002:00014058       __sehtable$__dupenv_s      00487058     LIBCMT:getenv.obj
 0002:00014078       __sehtable$_fclose         00487078     LIBCMT:fclose.obj
 0002:00014098       __sehtable$__commit        00487098     LIBCMT:commit.obj
 0002:000140b8       __sehtable$__write         004870b8     LIBCMT:write.obj
 0002:000140d8       __sehtable$__lseeki64      004870d8     LIBCMT:lseeki64.obj
 0002:000140f8       __sehtable$___unDName      004870f8     LIBCMT:undname.obj
 0002:00014118       __sehtable$___unDNameEx    00487118     LIBCMT:undname.obj
 0002:00014138       __sehtable$_ungetc         00487138     LIBCMT:ungetc.obj
 0002:00014158       __sehtable$__close         00487158     LIBCMT:close.obj
 0002:00014178       __sehtable$__alloc_osfhnd  00487178     LIBCMT:osfinfo.obj
 0002:000141a0       __sehtable$___lock_fhandle 004871a0     LIBCMT:osfinfo.obj
 0002:000141c0       __sehtable$__open_osfhandle 004871c0     LIBCMT:osfinfo.obj
 0002:000141e0       __sehtable$__putwch        004871e0     LIBCMT:putwch.obj
 0002:00014200       __sehtable$__read          00487200     LIBCMT:read.obj
 0002:00014220       __sehtable$___set_fpsr_sse2 00487220     LIBCMT:fpctrl.obj
 0002:00014240       __sehtable$___FrameUnwindToState 00487240     LIBCMT:frame.obj
 0002:00014268       __sehtable$?CallCatchBlock@@YAPAXPAUEHExceptionRecord@@PAUEHRegistrationNode@@PAU_CONTEXT@@PBU_s_FuncInfo@@PAXHK@Z 00487268     LIBCMT:frame.obj
 0002:00014290       __sehtable$___BuildCatchObject 00487290     LIBCMT:frame.obj
 0002:000142b0       __sehtable$___DestructExceptionObject 004872b0     LIBCMT:frame.obj
 0002:000142cc       __catchsym$?CallUnexpected@@YAXPBU_s_ESTypeList@@@Z$2 004872cc     LIBCMT:frame.obj
 0002:000142dc       __unwindtable$?CallUnexpected@@YAXPBU_s_ESTypeList@@@Z 004872dc     LIBCMT:frame.obj
 0002:000142ec       __tryblocktable$?CallUnexpected@@YAXPBU_s_ESTypeList@@@Z 004872ec     LIBCMT:frame.obj
 0002:00014300       __ehfuncinfo$?CallUnexpected@@YAXPBU_s_ESTypeList@@@Z 00487300     LIBCMT:frame.obj
 0002:00014328       __sehtable$___BuildCatchObjectHelper 00487328     LIBCMT:frame.obj
 0002:000147de       .idata$6                   004877de     libgo:libgo.dll
 0002:000147f4       .idata$6                   004877f4     ws2_32:WS2_32.dll
 0002:00014b4c       .idata$6                   00487b4c     kernel32:KERNEL32.dll
 0002:00014c56       .idata$6                   00487c56     user32:USER32.dll
 0002:00014ca6       .idata$6                   00487ca6     advapi32:ADVAPI32.dll
 0002:00014dcc       .idata$6                   00487dcc     iphlpapi:IPHLPAPI.DLL
 0003:00000000       ?http@?BC@??main@@9@9      00489000     goahead.obj
 0003:00000004       ?https@?BC@??main@@9@9     00489004     goahead.obj
 0003:000002a0       _dststart                  004892a0     LIBCMT:tzset.obj
 0003:000002ac       _dstend                    004892ac     LIBCMT:tzset.obj
 0003:000002c8       _tzstd                     004892c8     LIBCMT:timeset.obj
 0003:00000308       _tzdst                     00489308     LIBCMT:timeset.obj
 0003:00000350       _errtable                  00489350     LIBCMT:dosmap.obj
 0003:000004b8       _ErrnoNoMem                004894b8     LIBCMT:dosmap.obj
 0003:000004bc       _DoserrorNoMem             004894bc     LIBCMT:dosmap.obj
 0003:000004c0       __locktable                004894c0     LIBCMT:mlock.obj
 0003:000005e0       ?isPackaged@?1??__crtIsPackagedApp@@9@9 004895e0     LIBCMT:winapisupp.obj
 0003:00000a38       ___rgctypeflag             00489a38     LIBCMT:mbctype.obj
 0003:00000a40       ___rgcode_page_info        00489a40     LIBCMT:mbctype.obj
 0003:00000db4       __ctype_loc_style          00489db4     LIBCMT:wsetloca.obj
 0003:00000ed8       _DoubleFormat              00489ed8     LIBCMT:intrncvt.obj
 0003:00000ef0       _FloatFormat               00489ef0     LIBCMT:intrncvt.obj
 0003:000012d0       _over                      0048a2d0     LIBCMT:fpctrl.obj
 0003:000012dc       _under                     0048a2dc     LIBCMT:fpctrl.obj
 0003:000012e8       ?__DAZ_ENABLED@?1??__set_fpsr_sse2@@9@9 0048a2e8     LIBCMT:fpctrl.obj
 0003:000012f0       _exceptionTable            0048a2f0     * CIL library *:* CIL module *
 0003:00001398       _logLevel                  0048a398     * CIL library *:* CIL module *
 0003:000013a0       _aLogLevels                0048a3a0     * CIL library *:* CIL module *
 0003:00004240       _finished                  0048d240     goahead.obj
 0003:0000427c       ___enable_percent_n        0048d27c     LIBCMT:printf.obj
 0003:00004290       _GS_ExceptionRecord        0048d290     LIBCMT:gs_report.obj
 0003:000042e0       _GS_ContextRecord          0048d2e0     LIBCMT:gs_report.obj
 0003:000045ac       _DebuggerWasPresent        0048d5ac     LIBCMT:gs_report.obj
 0003:000045b0       _lastTZ                    0048d5b0     LIBCMT:tzset.obj
 0003:000045b4       ?first_time@?1??__tzset@@9@9 0048d5b4     LIBCMT:tzset.obj
 0003:000045b8       _tzapiused                 0048d5b8     LIBCMT:tzset.obj
 0003:000045c0       _tzinfo                    0048d5c0     LIBCMT:tzset.obj
 0003:00004670       _lclcritsects              0048d670     LIBCMT:mlock.obj
 0003:000047c8       ?outmsg@?8??_NMSG_WRITE@@9@9 0048d7c8     LIBCMT:crt0msg.obj
 0003:00004e00       _ctrlc_action              0048de00     LIBCMT:winsig.obj
 0003:00004e04       _ctrlbreak_action          0048de04     LIBCMT:winsig.obj
 0003:00004e08       _abort_action              0048de08     LIBCMT:winsig.obj
 0003:00004e0c       _term_action               0048de0c     LIBCMT:winsig.obj
 0003:00004e10       _ConsoleCtrlHandler_Installed 0048de10     LIBCMT:winsig.obj
 0003:00004e14       _g_pfnRtlGenRandom         0048de14     LIBCMT:rand_s.obj
 0003:00004e30       _fSystemSet                0048de30     LIBCMT:mbctype.obj
 0003:00004f48       ?_pgmname@?1??_setargv@@9@9 0048df48     LIBCMT:stdargv.obj
 0003:00005060       ___type_info_root_node     0048e060     LIBCMT:typname.obj
 0003:00005068       ?pfnMessageBox@?1??__crtMessageBoxW@@9@9 0048e068     LIBCMT:crtmboxw.obj
 0003:0000506c       ?pfnGetActiveWindow@?1??__crtMessageBoxW@@9@9 0048e06c     LIBCMT:crtmboxw.obj
 0003:00005070       ?pfnGetLastActivePopup@?1??__crtMessageBoxW@@9@9 0048e070     LIBCMT:crtmboxw.obj
 0003:00005074       ?pfnGetProcessWindowStation@?1??__crtMessageBoxW@@9@9 0048e074     LIBCMT:crtmboxw.obj
 0003:00005078       ?pfnGetUserObjectInformation@?1??__crtMessageBoxW@@9@9 0048e078     LIBCMT:crtmboxw.obj
 0003:0000507c       ___crtCallProc             0048e07c     LIBCMT:winapinls.obj
 0003:000050b4       _heap                      0048e0b4     LIBCMT:undname.obj
 0003:00005104       ?reported@?1??reportVersion@@YAX_N@Z@4_NA 0048e104     * CIL library *:* CIL module *
 0003:00005354       ?initialized@?1??initCriticalSection@@YAXXZ@4_NA 0048e354     * CIL library *:* CIL module *
 0003:0000539c       _nTotalObj                 0048e39c     * CIL library *:* CIL module *
 0003:000053a0       _tabs                      0048e3a0     * CIL library *:* CIL module *
 0003:000063a0       _nTabs                     0048f3a0     * CIL library *:* CIL module *
 0003:00006620       _timer                     0048f620     * CIL library *:* CIL module *
 0003:00006640       _jfList                    0048f640     * CIL library *:* CIL module *
 0003:00006a90       ?reported@?1??doSync@DatabaseManager@@IAEKXZ@4W4REPORTED@?1??12@IAEKXZ@A 0048fa90     * CIL library *:* CIL module *
 0003:00006a94       ?object@?1??construct@@YAXAAHPBD1@Z@4HA 0048fa94     * CIL library *:* CIL module *
 0003:00006a98       ?ignoreSOF@?1??recv@SerialController@@MAEIPADI@Z@4_NA 0048fa98     * CIL library *:* CIL module *
 0003:00006a99       ?initDone@?1??zeroHandles@ProgramRecord@@KAX_N@Z@4_NA 0048fa99     * CIL library *:* CIL module *
 0003:00006a9a       ?initDone@?1??zeroHandles@ZoneRecord@@KAX_N@Z@4_NA 0048fa9a     * CIL library *:* CIL module *
 0003:00006a9b       ?initDone@?1??zeroHandles@FixtureRecord@@KAX_N@Z@4_NA 0048fa9b     * CIL library *:* CIL module *
 0003:00006a9c       ?initDone@?1??zeroHandles@SensorRecord@@KAX_N@Z@4_NA 0048fa9c     * CIL library *:* CIL module *
 0003:00006a9d       ?initDone@?1??zeroHandles@ProgramStepRecord@@KAXXZ@4_NA 0048fa9d     * CIL library *:* CIL module *
 0003:00006aa0       ?szIp@?1??ip2str@@YAPBDI@Z@4PADA 0048faa0     * CIL library *:* CIL module *
 0003:00006ab4       ?dateTime@?1??fromHtml@Alert@@IAEXVAuthority@@PBD_N@Z@4PADA 0048fab4     * CIL library *:* CIL module *
 0003:00006ae0       ?dump@?1??dumpElapsed@Controller@@KAPBDXZ@4PADA 0048fae0     * CIL library *:* CIL module *
 0003:00006b60       ?fullName@?4???1JsonValue@@UAE@XZ@4PADA 0048fb60     * CIL library *:* CIL module *
 0003:00006f60       ?szVal@?1??setErrorValue@ParseError@@QAEXH@Z@4PADA 0048ff60     * CIL library *:* CIL module *
 0003:00006f74       ?$S1@?1??wait@Thread@@QAEXU_WAITTIME@@@Z@4IA 0048ff74     * CIL library *:* CIL module *
 0003:00006f78       ?wait@?1??0Thread@@QAEXU_WAITTIME@@@Z@4PAXA 0048ff78     * CIL library *:* CIL module *
 0003:00006f7c       ?$S2@?1??nanosleep@@YAXPBKPAK@Z@4IA 0048ff7c     * CIL library *:* CIL module *
 0003:00006f80       ?wait@?1??nanosleep@@YAXPBKPAK@Z@4PAXA 0048ff80     * CIL library *:* CIL module *
 0003:00006f84       ?$S3@?4??pthread_cond_reltimedwait_np@@YAHPAH0PBUtimespec@@@Z@4IA 0048ff84     * CIL library *:* CIL module *
 0003:00006f88       ?wait@?4??pthread_cond_reltimedwait_np@@YAHPAH0PBUtimespec@@@Z@4PAXA 0048ff88     * CIL library *:* CIL module *
 0004:00000060       $R000000                   00492060     * linker generated manifest res *
